Component: ARM Compiler 5.06 update 6 (build 750) Tool: armlink [4d35ed]

==============================================================================

Section Cross References

    uart_polling.o(i.putc) refers to uart_polling.o(i.uart_put_string) for uart_put_string
    uart_polling.o(i.putc) refers to uart_polling.o(i.uart_put_char) for uart_put_char
    uart_polling.o(i.uart_put_string) refers to uart_polling.o(i.uart_put_char) for uart_put_char
    uart_irq.o(i.UART0_IRQHandler) refers to k_msg.o(i.k_send_msg_nb) for k_send_msg_nb
    uart_irq.o(i.UART0_IRQHandler) refers to mailbox.o(i.dequeue) for dequeue
    uart_irq.o(i.UART0_IRQHandler) refers to uart_irq.o(.data) for rx_buf
    uart_irq.o(i.UART0_IRQHandler) refers to uart_irq.o(.bss) for uart_mb
    uart_irq.o(i.uart_irq_init) refers to k_mem.o(i.k_mpool_alloc) for k_mpool_alloc
    uart_irq.o(i.uart_irq_init) refers to uart_irq.o(i.__NVIC_EnableIRQ) for __NVIC_EnableIRQ
    uart_irq.o(i.uart_irq_init) refers to uart_irq.o(.bss) for uart_mb
    uart_irq.o(i.uart_irq_init) refers to uart_irq.o(.data) for rx_buf
    timer.o(i.TIMER0_IRQHandler) refers to dlist.o(i.empty) for empty
    timer.o(i.TIMER0_IRQHandler) refers to dlist.o(i.pop_front) for pop_front
    timer.o(i.TIMER0_IRQHandler) refers to k_task.o(i.rt_queue_add) for rt_queue_add
    timer.o(i.TIMER0_IRQHandler) refers to k_task.o(i.k_tsk_run_new) for k_tsk_run_new
    timer.o(i.TIMER0_IRQHandler) refers to timer.o(.data) for g_timer_count
    timer.o(i.TIMER0_IRQHandler) refers to k_task.o(.data) for timeout_list
    timer.o(i.timer_irq_init) refers to timer.o(.data) for g_timer_count
    hal.o(i.SVC_Handler) refers to k_rtx_init.o(i.k_rtx_init) for k_rtx_init
    hal.o(i.SVC_Handler) refers to k_mem.o(i.k_mpool_alloc) for k_mpool_alloc
    hal.o(i.SVC_Handler) refers to k_mem.o(i.k_mpool_dealloc) for k_mpool_dealloc
    hal.o(i.SVC_Handler) refers to k_mem.o(i.k_mpool_dump) for k_mpool_dump
    hal.o(i.SVC_Handler) refers to k_task.o(i.k_tsk_create) for k_tsk_create
    hal.o(i.SVC_Handler) refers to k_task.o(i.k_tsk_exit) for k_tsk_exit
    hal.o(i.SVC_Handler) refers to k_task.o(i.k_tsk_yield) for k_tsk_yield
    hal.o(i.SVC_Handler) refers to k_task.o(i.k_tsk_set_prio) for k_tsk_set_prio
    hal.o(i.SVC_Handler) refers to k_task.o(i.k_tsk_get) for k_tsk_get
    hal.o(i.SVC_Handler) refers to k_task.o(i.k_tsk_gettid) for k_tsk_gettid
    hal.o(i.SVC_Handler) refers to k_task.o(i.k_tsk_ls) for k_tsk_ls
    hal.o(i.SVC_Handler) refers to k_msg.o(i.k_mbx_create) for k_mbx_create
    hal.o(i.SVC_Handler) refers to k_msg.o(i.k_send_msg) for k_send_msg
    hal.o(i.SVC_Handler) refers to k_msg.o(i.k_send_msg_nb) for k_send_msg_nb
    hal.o(i.SVC_Handler) refers to k_msg.o(i.k_recv_msg) for k_recv_msg
    hal.o(i.SVC_Handler) refers to k_msg.o(i.k_recv_msg_nb) for k_recv_msg_nb
    hal.o(i.SVC_Handler) refers to k_msg.o(i.k_mbx_ls) for k_mbx_ls
    hal.o(i.SVC_Handler) refers to k_msg.o(i.k_mbx_get) for k_mbx_get
    hal.o(i.SVC_Handler) refers to k_task.o(i.k_rt_tsk_set) for k_rt_tsk_set
    hal.o(i.SVC_Handler) refers to k_task.o(i.k_rt_tsk_susp) for k_rt_tsk_susp
    hal.o(i.SVC_Handler) refers to k_task.o(i.k_rt_tsk_get) for k_rt_tsk_get
    k_mem.o(i.bottom_up) refers to k_mem.o(.bss) for free_list_1
    k_mem.o(i.k_alloc_k_stack) refers to k_mem.o(i.k_mpool_alloc) for k_mpool_alloc
    k_mem.o(i.k_alloc_p_stack) refers to k_mem.o(i.k_mpool_alloc) for k_mpool_alloc
    k_mem.o(i.k_mem_init) refers to k_mem.o(i.k_mpool_create) for k_mpool_create
    k_mem.o(i.k_mpool_alloc) refers to math.o(i.log2_ceil) for log2_ceil
    k_mem.o(i.k_mpool_alloc) refers to k_mem.o(i.bottom_up) for bottom_up
    k_mem.o(i.k_mpool_alloc) refers to dlist.o(i.empty) for empty
    k_mem.o(i.k_mpool_alloc) refers to dlist.o(i.pop_front) for pop_front
    k_mem.o(i.k_mpool_alloc) refers to btree.o(i.get_position) for get_position
    k_mem.o(i.k_mpool_alloc) refers to btree.o(i.get_index) for get_index
    k_mem.o(i.k_mpool_alloc) refers to btree.o(i.set_bit) for set_bit
    k_mem.o(i.k_mpool_alloc) refers to btree.o(i.split_addr) for split_addr
    k_mem.o(i.k_mpool_alloc) refers to dlist.o(i.push_front) for push_front
    k_mem.o(i.k_mpool_alloc) refers to k_rtx_init.o(.data) for errno
    k_mem.o(i.k_mpool_alloc) refers to k_mem.o(.bss) for free_list_1
    k_mem.o(i.k_mpool_create) refers to k_rtx_init.o(.data) for errno
    k_mem.o(i.k_mpool_create) refers to k_mem.o(.bss) for free_list_1
    k_mem.o(i.k_mpool_dealloc) refers to btree.o(i.get_position) for get_position
    k_mem.o(i.k_mpool_dealloc) refers to btree.o(i.get_index) for get_index
    k_mem.o(i.k_mpool_dealloc) refers to btree.o(i.is_allocated) for is_allocated
    k_mem.o(i.k_mpool_dealloc) refers to btree.o(i.clear_bit) for clear_bit
    k_mem.o(i.k_mpool_dealloc) refers to btree.o(i.get_buddy) for get_buddy
    k_mem.o(i.k_mpool_dealloc) refers to btree.o(i.get_address) for get_address
[...]
    ../clib/angel/kernel.s                   0x00000000   Number         0  __rtentry.o ABSOLUTE
    ../clib/angel/rt.s                       0x00000000   Number         0  rt_raise.o ABSOLUTE
    ../clib/angel/rt.s                       0x00000000   Number         0  rt_div0.o ABSOLUTE
    ../clib/angel/rt.s                       0x00000000   Number         0  aeabi_ldiv0.o ABSOLUTE
    ../clib/angel/rt.s                       0x00000000   Number         0  aeabi_ldiv0_sigfpe.o ABSOLUTE
    ../clib/angel/scatter.s                  0x00000000   Number         0  __scatter.o ABSOLUTE
    ../clib/angel/startup.s                  0x00000000   Number         0  __main.o ABSOLUTE
    ../clib/angel/sys.s                      0x00000000   Number         0  use_no_semi.o ABSOLUTE
    ../clib/angel/sys.s                      0x00000000   Number         0  indicate_semi.o ABSOLUTE
    ../clib/angel/sys.s                      0x00000000   Number         0  libspace.o ABSOLUTE
    ../clib/angel/sys.s                      0x00000000   Number         0  sys_stackheap_outer.o ABSOLUTE
    ../clib/angel/sysapp.c                   0x00000000   Number         0  sys_exit.o ABSOLUTE
    ../clib/angel/sysapp.c                   0x00000000   Number         0  sys_wrch.o ABSOLUTE
    ../clib/angel/sysapp.c                   0x00000000   Number         0  sys_command.o ABSOLUTE
    ../clib/armsys.c                         0x00000000   Number         0  argv_veneer.o ABSOLUTE
    ../clib/armsys.c                         0x00000000   Number         0  argv_veneer.o ABSOLUTE
    ../clib/armsys.c                         0x00000000   Number         0  _get_argv_nomalloc.o ABSOLUTE
    ../clib/armsys.c                         0x00000000   Number         0  no_argv.o ABSOLUTE
    ../clib/heapalloc.c                      0x00000000   Number         0  hrguard.o ABSOLUTE
    ../clib/heapaux.c                        0x00000000   Number         0  heapauxi.o ABSOLUTE
    ../clib/libinit.s                        0x00000000   Number         0  libinit2.o ABSOLUTE
    ../clib/libinit.s                        0x00000000   Number         0  libshutdown.o ABSOLUTE
    ../clib/libinit.s                        0x00000000   Number         0  libinit.o ABSOLUTE
    ../clib/libinit.s                        0x00000000   Number         0  libshutdown2.o ABSOLUTE
    ../clib/longlong.s                       0x00000000   Number         0  lludivv7m.o ABSOLUTE
    ../clib/signal.c                         0x00000000   Number         0  defsig_cppl_inner.o ABSOLUTE
    ../clib/signal.c                         0x00000000   Number         0  defsig_segv_inner.o ABSOLUTE
    ../clib/signal.c                         0x00000000   Number         0  defsig_other.o ABSOLUTE
    ../clib/signal.c                         0x00000000   Number         0  defsig_pvfn_inner.o ABSOLUTE
    ../clib/signal.c                         0x00000000   Number         0  defsig_stak_inner.o ABSOLUTE
    ../clib/signal.c                         0x00000000   Number         0  defsig_rtmem_outer.o ABSOLUTE
    ../clib/signal.c                         0x00000000   Number         0  defsig_fpe_outer.o ABSOLUTE
    ../clib/signal.c                         0x00000000   Number         0  defsig_rtmem_formal.o ABSOLUTE
    ../clib/signal.c                         0x00000000   Number         0  defsig_rtred_inner.o ABSOLUTE
    ../clib/signal.c                         0x00000000   Number         0  defsig_fpe_formal.o ABSOLUTE
    ../clib/signal.c                         0x00000000   Number         0  defsig_abrt_inner.o ABSOLUTE
    ../clib/signal.c                         0x00000000   Number         0  defsig_rtmem_inner.o ABSOLUTE
    ../clib/signal.c                         0x00000000   Number         0  defsig_exit.o ABSOLUTE
    ../clib/signal.c                         0x00000000   Number         0  defsig_general.o ABSOLUTE
    ../clib/signal.c                         0x00000000   Number         0  __raise.o ABSOLUTE
    ../clib/signal.c                         0x00000000   Number         0  defsig_fpe_inner.o ABSOLUTE
    ../clib/signal.s                         0x00000000   Number         0  defsig.o ABSOLUTE
    ../clib/stdlib.c                         0x00000000   Number         0  exit.o ABSOLUTE
    ../fplib/daddsub.s                       0x00000000   Number         0  daddsub_clz.o ABSOLUTE
    ../fplib/ddiv.s                          0x00000000   Number         0  ddiv.o ABSOLUTE
    ../fplib/dfixu.s                         0x00000000   Number         0  dfixu.o ABSOLUTE
    ../fplib/dflt.s                          0x00000000   Number         0  dflt_clz.o ABSOLUTE
    ../fplib/dmul.s                          0x00000000   Number         0  dmul.o ABSOLUTE
    ../fplib/dnaninf.s                       0x00000000   Number         0  dnaninf.o ABSOLUTE
    ../fplib/dretinf.s                       0x00000000   Number         0  dretinf.o ABSOLUTE
    ../fplib/fpinit.s                        0x00000000   Number         0  fpinit.o ABSOLUTE
    ../fplib/usenofp.s                       0x00000000   Number         0  usenofp.o ABSOLUTE
    RTE\Device\LPC1768\startup_LPC17xx.s     0x00000000   Number         0  startup_lpc17xx.o ABSOLUTE
    RTE\Device\LPC1768\system_LPC17xx.c      0x00000000   Number         0  system_lpc17xx.o ABSOLUTE
    RTE\\Device\\LPC1768\\system_LPC17xx.c   0x00000000   Number         0  system_lpc17xx.o ABSOLUTE
    dc.s                                     0x00000000   Number         0  dc.o ABSOLUTE
    src\\bsp\\LPC1768\\timer.c               0x00000000   Number         0  timer.o ABSOLUTE
    src\\bsp\\LPC1768\\uart_irq.c            0x00000000   Number         0  uart_irq.o ABSOLUTE
    src\\bsp\\LPC1768\\uart_polling.c        0x00000000   Number         0  uart_polling.o ABSOLUTE
    src\\kernel\\HAL.c                       0x00000000   Number         0  hal.o ABSOLUTE
    src\\kernel\\k_mem.c                     0x00000000   Number         0  k_mem.o ABSOLUTE
    src\\kernel\\k_msg.c                     0x00000000   Number         0  k_msg.o ABSOLUTE
    src\\kernel\\k_rtx_init.c                0x00000000   Number         0  k_rtx_init.o ABSOLUTE
    src\\kernel\\k_task.c                    0x00000000   Number         0  k_task.o ABSOLUTE
    src\\librtx\\mailbox.c                   0x00000000   Number         0  mailbox.o ABSOLUTE
    src\\main.c                              0x00000000   Number         0  main.o ABSOLUTE
    src\\tasks\\cdisp_task.c                 0x00000000   Number         0  cdisp_task.o ABSOLUTE
    src\\tasks\\kcd_task.c                   0x00000000   Number         0  kcd_task.o ABSOLUTE
    src\\tasks\\null_task.c                  0x00000000   Number         0  null_task.o ABSOLUTE
    src\ae\ae.c                              0x00000000   Number         0  ae.o ABSOLUTE
    src\ae\ae_tasks1_G37.c                   0x00000000   Number         0  ae_tasks1_g37.o ABSOLUTE
    src\ae\ae_util.c                         0x00000000   Number         0  ae_util.o ABSOLUTE
    src\bsp\LPC1768\timer.c                  0x00000000   Number         0  timer.o ABSOLUTE
    src\bsp\LPC1768\uart_irq.c               0x00000000   Number         0  uart_irq.o ABSOLUTE
    src\bsp\LPC1768\uart_polling.c           0x00000000   Number         0  uart_polling.o ABSOLUTE
    src\kernel\HAL.c                         0x00000000   Number         0  hal.o ABSOLUTE
    src\kernel\k_mem.c                       0x00000000   Number         0  k_mem.o ABSOLUTE
    src\kernel\k_msg.c                       0x00000000   Number         0  k_msg.o ABSOLUTE
    src\kernel\k_rtx_init.c                  0x00000000   Number         0  k_rtx_init.o ABSOLUTE
    src\kernel\k_task.c                      0x00000000   Number         0  k_task.o ABSOLUTE
    src\librtx\btree.c                       0x00000000   Number         0  btree.o ABSOLUTE
    src\librtx\dlist.c                       0x00000000   Number         0  dlist.o ABSOLUTE
    src\librtx\mailbox.c                     0x00000000   Number         0  mailbox.o ABSOLUTE
    src\librtx\math.c                        0x00000000   Number         0  math.o ABSOLUTE
    src\libu\printf.c                        0x00000000   Number         0  printf.o ABSOLUTE
    src\main.c                               0x00000000   Number         0  main.o ABSOLUTE
    src\tasks\cdisp_task.c                   0x00000000   Number         0  cdisp_task.o ABSOLUTE
    src\tasks\kcd_task.c                     0x00000000   Number         0  kcd_task.o ABSOLUTE
    src\tasks\null_task.c                    0x00000000   Number         0  null_task.o ABSOLUTE
    src\tasks\wall_clock_task.c              0x00000000   Number         0  wall_clock_task.o ABSOLUTE
    !!!main                                  0x000000cc   Section        8  __main.o(!!!main)
    !!!scatter                               0x000000d4   Section       52  __scatter.o(!!!scatter)
    !!handler_copy                           0x00000108   Section       26  __scatter_copy.o(!!handler_copy)
    !!handler_zi                             0x00000124   Section       28  __scatter_zi.o(!!handler_zi)
    .ARM.Collect$$libinit$$00000000          0x00000140   Section        2  libinit.o(.ARM.Collect$$libinit$$00000000)
    .ARM.Collect$$libinit$$00000002          0x00000142   Section        0  libinit2.o(.ARM.Collect$$libinit$$00000002)
    .ARM.Collect$$libinit$$00000004          0x00000142   Section        0  libinit2.o(.ARM.Collect$$libinit$$00000004)
    .ARM.Collect$$libinit$$0000000A          0x00000142   Section        0  libinit2.o(.ARM.Collect$$libinit$$0000000A)
    .ARM.Collect$$libinit$$0000000C          0x00000142   Section        0  libinit2.o(.ARM.Collect$$libinit$$0000000C)
    .ARM.Collect$$libinit$$0000000E          0x00000142   Section        0  libinit2.o(.ARM.Collect$$libinit$$0000000E)
    .ARM.Collect$$libinit$$00000011          0x00000142   Section        0  libinit2.o(.ARM.Collect$$libinit$$00000011)
    .ARM.Collect$$libinit$$00000013          0x00000142   Section        0  libinit2.o(.ARM.Collect$$libinit$$00000013)
    .ARM.Collect$$libinit$$00000015          0x00000142   Section        0  libinit2.o(.ARM.Collect$$libinit$$00000015)
    .ARM.Collect$$libinit$$00000017          0x00000142   Section        0  libinit2.o(.ARM.Collect$$libinit$$00000017)
    .ARM.Collect$$libinit$$00000019          0x00000142   Section        0  libinit2.o(.ARM.Collect$$libinit$$00000019)
    .ARM.Collect$$libinit$$0000001B          0x00000142   Section        0  libinit2.o(.ARM.Collect$$libinit$$0000001B)
    .ARM.Collect$$libinit$$0000001D          0x00000142   Section        0  libinit2.o(.ARM.Collect$$libinit$$0000001D)
    .ARM.Collect$$libinit$$0000001F          0x00000142   Section        0  libinit2.o(.ARM.Collect$$libinit$$0000001F)
    .ARM.Collect$$libinit$$00000021          0x00000142   Section        0  libinit2.o(.ARM.Collect$$libinit$$00000021)
    .ARM.Collect$$libinit$$00000023          0x00000142   Section        0  libinit2.o(.ARM.Collect$$libinit$$00000023)
    .ARM.Collect$$libinit$$00000025          0x00000142   Section        0  libinit2.o(.ARM.Collect$$libinit$$00000025)
    .ARM.Collect$$libinit$$0000002C          0x00000142   Section        0  libinit2.o(.ARM.Collect$$libinit$$0000002C)
    .ARM.Collect$$libinit$$0000002E          0x00000142   Section        0  libinit2.o(.ARM.Collect$$libinit$$0000002E)
    .ARM.Collect$$libinit$$00000030          0x00000142   Section        0  libinit2.o(.ARM.Collect$$libinit$$00000030)
    .ARM.Collect$$libinit$$00000032          0x00000142   Section        0  libinit2.o(.ARM.Collect$$libinit$$00000032)
    .ARM.Collect$$libinit$$00000033          0x00000142   Section        2  libinit2.o(.ARM.Collect$$libinit$$00000033)
    .ARM.Collect$$libshutdown$$00000000      0x00000144   Section        2  libshutdown.o(.ARM.Collect$$libshutdown$$00000000)
    .ARM.Collect$$libshutdown$$00000002      0x00000146   Section        0  libshutdown2.o(.ARM.Collect$$libshutdown$$00000002)
    .ARM.Collect$$libshutdown$$00000004      0x00000146   Section        0  libshutdown2.o(.ARM.Collect$$libshutdown$$00000004)
    .ARM.Collect$$libshutdown$$00000007      0x00000146   Section        0  libshutdown2.o(.ARM.Collect$$libshutdown$$00000007)
    .ARM.Collect$$libshutdown$$0000000A      0x00000146   Section        0  libshutdown2.o(.ARM.Collect$$libshutdown$$0000000A)
    .ARM.Collect$$libshutdown$$0000000C      0x00000146   Section        0  libshutdown2.o(.ARM.Collect$$libshutdown$$0000000C)
    .ARM.Collect$$libshutdown$$0000000F      0x00000146   Section        0  libshutdown2.o(.ARM.Collect$$libshutdown$$0000000F)
    .ARM.Collect$$libshutdown$$00000010      0x00000146   Section        2  libshutdown2.o(.ARM.Collect$$libshutdown$$00000010)
    .ARM.Collect$$rtentry$$00000000          0x00000148   Section        0  __rtentry.o(.ARM.Collect$$rtentry$$00000000)
    .ARM.Collect$$rtentry$$00000002          0x00000148   Section        0  __rtentry2.o(.ARM.Collect$$rtentry$$00000002)
    .ARM.Collect$$rtentry$$00000004          0x00000148   Section        6  __rtentry4.o(.ARM.Collect$$rtentry$$00000004)
    .ARM.Collect$$rtentry$$00000009          0x0000014e   Section        0  __rtentry2.o(.ARM.Collect$$rtentry$$00000009)
    .ARM.Collect$$rtentry$$0000000A          0x0000014e   Section        4  __rtentry2.o(.ARM.Collect$$rtentry$$0000000A)
    .ARM.Collect$$rtentry$$0000000C          0x00000152   Section        0  __rtentry2.o(.ARM.Collect$$rtentry$$0000000C)
    .ARM.Collect$$rtentry$$0000000D          0x00000152   Section        8  __rtentry2.o(.ARM.Collect$$rtentry$$0000000D)
    .ARM.Collect$$rtexit$$00000000           0x0000015a   Section        2  rtexit.o(.ARM.Collect$$rtexit$$00000000)
    .ARM.Collect$$rtexit$$00000002           0x0000015c   Section        0  rtexit2.o(.ARM.Collect$$rtexit$$00000002)
    .ARM.Collect$$rtexit$$00000003           0x0000015c   Section        4  rtexit2.o(.ARM.Collect$$rtexit$$00000003)
    .ARM.Collect$$rtexit$$00000004           0x00000160   Section        6  rtexit2.o(.ARM.Collect$$rtexit$$00000004)
    .emb_text                                0x00000168   Section        8  hal.o(.emb_text)
    .emb_text                                0x00000170   Section       50  k_task.o(.emb_text)
    .text                                    0x000001a4   Section       60  startup_lpc17xx.o(.text)
    .text                                    0x000001e0   Section        0  heapauxi.o(.text)
    .text                                    0x000001e6   Section       74  sys_stackheap_outer.o(.text)
    .text                                    0x00000230   Section        0  exit.o(.text)
    .text                                    0x00000244   Section        8  libspace.o(.text)
    .text                                    0x0000024c   Section        0  sys_exit.o(.text)
    .text                                    0x00000258   Section        2  use_no_semi.o(.text)
    .text                                    0x0000025a   Section        0  indicate_semi.o(.text)
    i.HardFault_Handler                      0x0000025c   Section        0  ae_util.o(i.HardFault_Handler)
    i.UART0_IRQHandler                       0x0000028c   Section        0  uart_irq.o(i.UART0_IRQHandler)
    i.__NVIC_EnableIRQ                       0x000002cc   Section        0  uart_irq.o(i.__NVIC_EnableIRQ)
    __NVIC_EnableIRQ                         0x000002cd   Thumb Code    34  uart_irq.o(i.__NVIC_EnableIRQ)
    i.ae_exit                                0x000002ee   Section        0  ae.o(i.ae_exit)
    i.putcp                                  0x000002f2   Section        0  printf.o(i.putcp)
    putcp                                    0x000002f3   Thumb Code    10  printf.o(i.putcp)
    .ARM.__at_0x02FC                         0x000002fc   Section        4  startup_lpc17xx.o(.ARM.__at_0x02FC)
    i.SVC_Handler                            0x00000300   Section        0  hal.o(i.SVC_Handler)
    i.SystemInit                             0x00000428   Section        0  system_lpc17xx.o(i.SystemInit)
    i.TIMER0_IRQHandler                      0x00000568   Section        0  timer.o(i.TIMER0_IRQHandler)
    i.a2d                                    0x000005dc   Section        0  printf.o(i.a2d)
    a2d                                      0x000005dd   Thumb Code    50  printf.o(i.a2d)
    i.a2i                                    0x0000060e   Section        0  printf.o(i.a2i)
    a2i                                      0x0000060f   Thumb Code    58  printf.o(i.a2i)
    i.ae_init                                0x00000648   Section        0  ae.o(i.ae_init)
    i.ae_set_init_tasks_info                 0x00000678   Section        0  ae.o(i.ae_set_init_tasks_info)
    i.ae_set_sys_info                        0x0000068e   Section        0  ae.o(i.ae_set_sys_info)
    i.bottom_up                              0x000006a4   Section        0  k_mem.o(i.bottom_up)
    i.clear_bit                              0x000006e0   Section        0  btree.o(i.clear_bit)
    i.clear_cache                            0x00000704   Section        0  kcd_task.o(i.clear_cache)
    i.cmd_exist                              0x0000072c   Section        0  kcd_task.o(i.cmd_exist)
    i.cmd_map                                0x00000754   Section        0  kcd_task.o(i.cmd_map)
    i.count_set_bits                         0x00000794   Section        0  ae_util.o(i.count_set_bits)
    i.dequeue                                0x000007a6   Section        0  mailbox.o(i.dequeue)
    i.empty                                  0x000007ca   Section        0  dlist.o(i.empty)
    i.enqueue                                0x000007d8   Section        0  mailbox.o(i.enqueue)
    i.gen_req0                               0x000007fc   Section        0  ae_tasks1_g37.o(i.gen_req0)
    i.gen_req1                               0x00000848   Section        0  ae_tasks1_g37.o(i.gen_req1)
    i.get_address                            0x00000890   Section        0  btree.o(i.get_address)
    i.get_buddy                              0x000008ec   Section        0  btree.o(i.get_buddy)
    i.get_digit                              0x00000904   Section        0  math.o(i.get_digit)
    i.get_index                              0x00000924   Section        0  btree.o(i.get_index)
    i.get_offset                             0x00000944   Section        0  btree.o(i.get_offset)
    i.get_position                           0x000009a0   Section        0  btree.o(i.get_position)
    i.i2a                                    0x000009e4   Section        0  printf.o(i.i2a)
    i2a                                      0x000009e5   Thumb Code    32  printf.o(i.i2a)
    i.init_ae_tsk_test                       0x00000a04   Section        0  ae_tasks1_g37.o(i.init_ae_tsk_test)
    i.init_map                               0x00000a80   Section        0  kcd_task.o(i.init_map)
    i.init_printf                            0x00000aa4   Section        0  printf.o(i.init_printf)
    i.insert_before                          0x00000ab8   Section        0  dlist.o(i.insert_before)
    i.is_allocated                           0x00000ade   Section        0  btree.o(i.is_allocated)
    i.k_alloc_k_stack                        0x00000af8   Section        0  k_mem.o(i.k_alloc_k_stack)
    i.k_alloc_p_stack                        0x00000b16   Section        0  k_mem.o(i.k_alloc_p_stack)
    i.k_mbx_create                           0x00000b34   Section        0  k_msg.o(i.k_mbx_create)
    i.k_mbx_get                              0x00000ba4   Section        0  k_msg.o(i.k_mbx_get)
    i.k_mbx_ls                               0x00000bd4   Section        0  k_msg.o(i.k_mbx_ls)
    i.k_mem_init                             0x00000c24   Section        0  k_mem.o(i.k_mem_init)
    i.k_mpool_alloc                          0x00000c64   Section        0  k_mem.o(i.k_mpool_alloc)
    i.k_mpool_create                         0x00000ec4   Section        0  k_mem.o(i.k_mpool_create)
    i.k_mpool_dealloc                        0x00000f60   Section        0  k_mem.o(i.k_mpool_dealloc)
    i.k_mpool_dump                           0x00001128   Section        0  k_mem.o(i.k_mpool_dump)
    i.k_pre_rtx_init                         0x000011f4   Section        0  k_rtx_init.o(i.k_pre_rtx_init)
    i.k_recv_msg                             0x00001224   Section        0  k_msg.o(i.k_recv_msg)
    i.k_recv_msg_nb                          0x0000137c   Section        0  k_msg.o(i.k_recv_msg_nb)
    i.k_rt_tsk_get                           0x000014c0   Section        0  k_task.o(i.k_rt_tsk_get)
    i.k_rt_tsk_set                           0x00001524   Section        0  k_task.o(i.k_rt_tsk_set)
    i.k_rt_tsk_susp                          0x000015bc   Section        0  k_task.o(i.k_rt_tsk_susp)
    i.k_rtx_init                             0x00001638   Section        0  k_rtx_init.o(i.k_rtx_init)
    i.k_send_msg                             0x0000167c   Section        0  k_msg.o(i.k_send_msg)
    i.k_send_msg_nb                          0x000017c4   Section        0  k_msg.o(i.k_send_msg_nb)
    i.k_tsk_create                           0x000018a0   Section        0  k_task.o(i.k_tsk_create)
    i.k_tsk_create_new                       0x00001968   Section        0  k_task.o(i.k_tsk_create_new)
    i.k_tsk_exit                             0x00001a5c   Section        0  k_task.o(i.k_tsk_exit)
    i.k_tsk_get                              0x00001b38   Section        0  k_task.o(i.k_tsk_get)
    i.k_tsk_gettid                           0x00001bc0   Section        0  k_task.o(i.k_tsk_gettid)
    i.k_tsk_init                             0x00001bd0   Section        0  k_task.o(i.k_tsk_init)
    i.k_tsk_init_cdisp                       0x00001d44   Section        0  k_task.o(i.k_tsk_init_cdisp)
    i.k_tsk_init_kcd                         0x00001d60   Section        0  k_task.o(i.k_tsk_init_kcd)
    i.k_tsk_init_null                        0x00001d7c   Section        0  k_task.o(i.k_tsk_init_null)
    i.k_tsk_init_wclck                       0x00001d98   Section        0  k_task.o(i.k_tsk_init_wclck)
    i.k_tsk_ls                               0x00001db4   Section        0  k_task.o(i.k_tsk_ls)
    i.k_tsk_run_new                          0x00001e08   Section        0  k_task.o(i.k_tsk_run_new)
    i.k_tsk_set_prio                         0x00001e80   Section        0  k_task.o(i.k_tsk_set_prio)
    i.k_tsk_yield                            0x00001f6c   Section        0  k_task.o(i.k_tsk_yield)
    i.log2_ceil                              0x00001f8c   Section        0  math.o(i.log2_ceil)
    i.main                                   0x00001fb8   Section        0  main.o(i.main)
    i.mb_empty                               0x00002034   Section        0  mailbox.o(i.mb_empty)
    i.msg_len                                0x0000204a   Section        0  mailbox.o(i.msg_len)
    i.num_places                             0x00002092   Section        0  math.o(i.num_places)
    i.pop_back                               0x000020a8   Section        0  dlist.o(i.pop_back)
    i.pop_front                              0x000020de   Section        0  dlist.o(i.pop_front)
    i.prep_disp_msg                          0x00002114   Section        0  kcd_task.o(i.prep_disp_msg)
    i.print_log                              0x00002138   Section        0  ae_util.o(i.print_log)
    i.print_results                          0x000021a8   Section        0  ae_util.o(i.print_results)
    i.print_summary                          0x000022c8   Section        0  ae_util.o(i.print_summary)
    i.process_sub_result                     0x000022f4   Section        0  ae_util.o(i.process_sub_result)
    i.push_back                              0x0000232c   Section        0  dlist.o(i.push_back)
    i.push_front                             0x00002350   Section        0  dlist.o(i.push_front)
    i.putc                                   0x00002374   Section        0  uart_polling.o(i.putc)
    i.putchw                                 0x000023b8   Section        0  printf.o(i.putchw)
    putchw                                   0x000023b9   Thumb Code    82  printf.o(i.putchw)
    i.remove                                 0x0000240a   Section        0  dlist.o(i.remove)
    i.rt_queue_add                           0x00002450   Section        0  k_task.o(i.rt_queue_add)
    i.rt_waitlist_add                        0x00002488   Section        0  k_msg.o(i.rt_waitlist_add)
    i.run_LM                                 0x000024bc   Section        0  kcd_task.o(i.run_LM)
    i.run_LT                                 0x000025b0   Section        0  kcd_task.o(i.run_LT)
    i.run_WR                                 0x00002638   Section        0  wall_clock_task.o(i.run_WR)
    i.run_WS                                 0x00002668   Section        0  wall_clock_task.o(i.run_WS)
    i.run_WT                                 0x000026cc   Section        0  wall_clock_task.o(i.run_WT)
    i.scheduler                              0x000026f0   Section        0  k_task.o(i.scheduler)
    i.set_ae_init_tasks                      0x0000273c   Section        0  ae_tasks1_g37.o(i.set_ae_init_tasks)
    i.set_ae_tasks                           0x00002758   Section        0  ae_tasks1_g37.o(i.set_ae_tasks)
    i.set_bit                                0x0000279c   Section        0  btree.o(i.set_bit)
    i.split_addr                             0x000027be   Section        0  btree.o(i.split_addr)
    i.strcpy                                 0x000027f0   Section        0  ae_util.o(i.strcpy)
    i.task0                                  0x00002810   Section        0  ae_tasks1_g37.o(i.task0)
    i.task_cdisp                             0x00002878   Section        0  cdisp_task.o(i.task_cdisp)
    i.task_kcd                               0x000028e0   Section        0  kcd_task.o(i.task_kcd)
    i.task_null                              0x00002aac   Section        0  null_task.o(i.task_null)
    i.task_wall_clock                        0x00002ab4   Section        0  wall_clock_task.o(i.task_wall_clock)
    i.test1_start                            0x00002c7c   Section        0  ae_tasks1_g37.o(i.test1_start)
    i.test_abort                             0x00002df4   Section        0  ae_util.o(i.test_abort)
    i.test_exit                              0x00002e60   Section        0  ae_util.o(i.test_exit)
    i.tfp_format                             0x00002e84   Section        0  printf.o(i.tfp_format)
    i.tfp_printf                             0x00002fac   Section        0  printf.o(i.tfp_printf)
    i.tfp_sprintf                            0x00002fd8   Section        0  printf.o(i.tfp_sprintf)
    i.timeout_list_add                       0x00003004   Section        0  k_task.o(i.timeout_list_add)
    i.timer_freerun_init                     0x00003058   Section        0  timer.o(i.timer_freerun_init)
    i.timer_irq_init                         0x000030f0   Section        0  timer.o(i.timer_irq_init)
    i.total_size                             0x00003170   Section        0  mailbox.o(i.total_size)
    i.uart_init                              0x0000317c   Section        0  uart_polling.o(i.uart_init)
    i.uart_irq_init                          0x000031e8   Section        0  uart_irq.o(i.uart_irq_init)
    i.uart_put_char                          0x000032f0   Section        0  uart_polling.o(i.uart_put_char)
    i.uart_put_string                        0x00003324   Section        0  uart_polling.o(i.uart_put_string)
    i.ui2a                                   0x0000334a   Section        0  printf.o(i.ui2a)
    ui2a                                     0x0000334b   Thumb Code    86  printf.o(i.ui2a)
    i.update_ae_xtest                        0x000033a0   Section        0  ae_tasks1_g37.o(i.update_ae_xtest)
    i.update_exec_seq                        0x000033b8   Section        0  ae_tasks1_g37.o(i.update_exec_seq)
    i.upow                                   0x000033fc   Section        0  math.o(i.upow)
    x$fpl$dadd                               0x00003414   Section      336  daddsub_clz.o(x$fpl$dadd)
    _dadd1                                   0x00003425   Thumb Code     0  daddsub_clz.o(x$fpl$dadd)
    x$fpl$ddiv                               0x00003564   Section      688  ddiv.o(x$fpl$ddiv)
    ddiv_entry                               0x0000356b   Thumb Code     0  ddiv.o(x$fpl$ddiv)
    x$fpl$dfixu                              0x00003814   Section       90  dfixu.o(x$fpl$dfixu)
    x$fpl$dfltu                              0x0000386e   Section       38  dflt_clz.o(x$fpl$dfltu)
    x$fpl$dmul                               0x00003894   Section      340  dmul.o(x$fpl$dmul)
    x$fpl$dnaninf                            0x000039e8   Section      156  dnaninf.o(x$fpl$dnaninf)
    x$fpl$dretinf                            0x00003a84   Section       12  dretinf.o(x$fpl$dretinf)
    x$fpl$drsb                               0x00003a90   Section       22  daddsub_clz.o(x$fpl$drsb)
    x$fpl$dsub                               0x00003aa8   Section      468  daddsub_clz.o(x$fpl$dsub)
    _dsub1                                   0x00003ab9   Thumb Code     0  daddsub_clz.o(x$fpl$dsub)
    .constdata                               0x00003c7c   Section       39  ae_tasks1_g37.o(.constdata)
    x$fpl$usenofp                            0x00003c7c   Section        0  usenofp.o(x$fpl$usenofp)
    .conststring                             0x00003ca4   Section       67  ae_tasks1_g37.o(.conststring)
    .data                                    0x10000000   Section        7  uart_irq.o(.data)
    .data                                    0x10000008   Section        4  timer.o(.data)
    .data                                    0x1000000c   Section        4  k_rtx_init.o(.data)
    .data                                    0x10000010   Section       24  k_task.o(.data)
    .data                                    0x10000028   Section        8  printf.o(.data)
    stdout_putf                              0x10000028   Data           4  printf.o(.data)
    stdout_putp                              0x1000002c   Data           4  printf.o(.data)
    .data                                    0x10000030   Section      100  kcd_task.o(.data)
    .data                                    0x10000094   Section        5  wall_clock_task.o(.data)
    .data                                    0x1000009c   Section       16  main.o(.data)
    sys                                      0x1000009c   Data           8  main.o(.data)
    p_tasks                                  0x100000a4   Data           4  main.o(.data)
    num                                      0x100000a8   Data           4  main.o(.data)
    .data                                    0x100000ac   Section        8  ae_tasks1_g37.o(.data)
    .bss                                     0x100000b4   Section       60  uart_irq.o(.bss)
    .bss                                     0x100000f0   Section      440  k_mem.o(.bss)
    .bss                                     0x100002a8   Section     1232  k_task.o(.bss)
    .bss                                     0x10000778   Section      126  kcd_task.o(.bss)
    .bss                                     0x100007f6   Section       57  wall_clock_task.o(.bss)
    .bss                                     0x10000830   Section       96  libspace.o(.bss)
    .bss                                     0x10000890   Section      564  ae_tasks1_g37.o(.bss)
    HEAP                                     0x10000ac8   Section        0  startup_lpc17xx.o(HEAP)
    STACK                                    0x10000ac8   Section      512  startup_lpc17xx.o(STACK)
    Heap_Mem                                 0x10000ac8   Data           0  startup_lpc17xx.o(HEAP)
    Stack_Mem                                0x10000ac8   Data         512  startup_lpc17xx.o(STACK)
    __initial_sp                             0x10000cc8   Data           0  startup_lpc17xx.o(STACK)

    Global Symbols

    Symbol Name                              Value     Ov Type        Size  Object(Section)

    BuildAttributes$$THM_ISAv4$P$D$K$B$S$PE$A:L22UL41UL21$X:L11$S22US41US21$IEEE1$IW$USESV6$~STKCKD$USESV7$~SHL$OSPACE$ROPI$EBA8$UX$STANDARDLIB$REQ8$PRES8$EABIv2 0x00000000   Number         0  anon$$obj.o ABSOLUTE
    __ARM_use_no_argv                        0x00000000   Number         0  main.o ABSOLUTE
    __Vectors                                0x00000000   Data           4  startup_lpc17xx.o(RESET)
    __ARM_exceptions_init                     - Undefined Weak Reference
    __alloca_initialize                       - Undefined Weak Reference
    __arm_preinit_                            - Undefined Weak Reference
    __cpp_initialize__aeabi_                  - Undefined Weak Reference
    __cxa_finalize                            - Undefined Weak Reference
    __rt_locale                               - Undefined Weak Reference
    __sigvec_lookup                           - Undefined Weak Reference
    _atexit_init                              - Undefined Weak Reference
    _call_atexit_fns                          - Undefined Weak Reference
    _clock_init                               - Undefined Weak Reference
    _fp_trap_init                             - Undefined Weak Reference
    _fp_trap_shutdown                         - Undefined Weak Reference
    _get_lc_collate                           - Undefined Weak Reference
    _get_lc_ctype                             - Undefined Weak Reference
    _get_lc_monetary                          - Undefined Weak Reference
    _get_lc_numeric                           - Undefined Weak Reference
    _get_lc_time                              - Undefined Weak Reference
    _getenv_init                              - Undefined Weak Reference
    _handle_redirection                       - Undefined Weak Reference
    _init_alloc                               - Undefined Weak Reference
    _init_user_alloc                          - Undefined Weak Reference
    _initio                                   - Undefined Weak Reference
    _rand_init                                - Undefined Weak Reference
    _signal_finish                            - Undefined Weak Reference
    _signal_init                              - Undefined Weak Reference
    _terminate_alloc                          - Undefined Weak Reference
    _terminate_user_alloc                     - Undefined Weak Reference
    _terminateio                              - Undefined Weak Reference
    __main                                   0x000000cd   Thumb Code     8  __main.o(!!!main)
    __scatterload                            0x000000d5   Thumb Code     0  __scatter.o(!!!scatter)
    __scatterload_rt2                        0x000000d5   Thumb Code    44  __scatter.o(!!!scatter)
    __scatterload_rt2_thumb_only             0x000000d5   Thumb Code     0  __scatter.o(!!!scatter)
    __scatterload_null                       0x000000e3   Thumb Code     0  __scatter.o(!!!scatter)
    __scatterload_copy                       0x00000109   Thumb Code    26  __scatter_copy.o(!!handler_copy)
    __scatterload_zeroinit                   0x00000125   Thumb Code    28  __scatter_zi.o(!!handler_zi)
    __rt_lib_init                            0x00000141   Thumb Code     0  libinit.o(.ARM.Collect$$libinit$$00000000)
    __rt_lib_init_alloca_1                   0x00000143   Thumb Code     0  libinit2.o(.ARM.Collect$$libinit$$0000002E)
    __rt_lib_init_argv_1                     0x00000143   Thumb Code     0  libinit2.o(.ARM.Collect$$libinit$$0000002C)
    __rt_lib_init_atexit_1                   0x00000143   Thumb Code     0  libinit2.o(.ARM.Collect$$libinit$$0000001B)
    __rt_lib_init_clock_1                    0x00000143   Thumb Code     0  libinit2.o(.ARM.Collect$$libinit$$00000021)
    __rt_lib_init_cpp_1                      0x00000143   Thumb Code     0  libinit2.o(.ARM.Collect$$libinit$$00000032)
    __rt_lib_init_exceptions_1               0x00000143   Thumb Code     0  libinit2.o(.ARM.Collect$$libinit$$00000030)
    __rt_lib_init_fp_1                       0x00000143   Thumb Code     0  libinit2.o(.ARM.Collect$$libinit$$00000002)
    __rt_lib_init_fp_trap_1                  0x00000143   Thumb Code     0  libinit2.o(.ARM.Collect$$libinit$$0000001F)
    __rt_lib_init_getenv_1                   0x00000143   Thumb Code     0  libinit2.o(.ARM.Collect$$libinit$$00000023)
    __rt_lib_init_heap_1                     0x00000143   Thumb Code     0  libinit2.o(.ARM.Collect$$libinit$$0000000A)
    __rt_lib_init_lc_collate_1               0x00000143   Thumb Code     0  libinit2.o(.ARM.Collect$$libinit$$00000011)
    __rt_lib_init_lc_ctype_1                 0x00000143   Thumb Code     0  libinit2.o(.ARM.Collect$$libinit$$00000013)
    __rt_lib_init_lc_monetary_1              0x00000143   Thumb Code     0  libinit2.o(.ARM.Collect$$libinit$$00000015)
    __rt_lib_init_lc_numeric_1               0x00000143   Thumb Code     0  libinit2.o(.ARM.Collect$$libinit$$00000017)
    __rt_lib_init_lc_time_1                  0x00000143   Thumb Code     0  libinit2.o(.ARM.Collect$$libinit$$00000019)
    __rt_lib_init_preinit_1                  0x00000143   Thumb Code     0  libinit2.o(.ARM.Collect$$libinit$$00000004)
    __rt_lib_init_rand_1                     0x00000143   Thumb Code     0  libinit2.o(.ARM.Collect$$libinit$$0000000E)
    __rt_lib_init_return                     0x00000143   Thumb Code     0  libinit2.o(.ARM.Collect$$libinit$$00000033)
    __rt_lib_init_signal_1                   0x00000143   Thumb Code     0  libinit2.o(.ARM.Collect$$libinit$$0000001D)
    __rt_lib_init_stdio_1                    0x00000143   Thumb Code     0  libinit2.o(.ARM.Collect$$libinit$$00000025)
    __rt_lib_init_user_alloc_1               0x00000143   Thumb Code     0  libinit2.o(.ARM.Collect$$libinit$$0000000C)
    __rt_lib_shutdown                        0x00000145   Thumb Code     0  libshutdown.o(.ARM.Collect$$libshutdown$$00000000)
    __rt_lib_shutdown_cpp_1                  0x00000147   Thumb Code     0  libshutdown2.o(.ARM.Collect$$libshutdown$$00000002)
    __rt_lib_shutdown_fp_trap_1              0x00000147   Thumb Code     0  libshutdown2.o(.ARM.Collect$$libshutdown$$00000007)
    __rt_lib_shutdown_heap_1                 0x00000147   Thumb Code     0  libshutdown2.o(.ARM.Collect$$libshutdown$$0000000F)
    __rt_lib_shutdown_return                 0x00000147   Thumb Code     0  libshutdown2.o(.ARM.Collect$$libshutdown$$00000010)
    __rt_lib_shutdown_signal_1               0x00000147   Thumb Code     0  libshutdown2.o(.ARM.Collect$$libshutdown$$0000000A)
    __rt_lib_shutdown_stdio_1                0x00000147   Thumb Code     0  libshutdown2.o(.ARM.Collect$$libshutdown$$00000004)
    __rt_lib_shutdown_user_alloc_1           0x00000147   Thumb Code     0  libshutdown2.o(.ARM.Collect$$libshutdown$$0000000C)
    __rt_entry                               0x00000149   Thumb Code     0  __rtentry.o(.ARM.Collect$$rtentry$$00000000)
    __rt_entry_presh_1                       0x00000149   Thumb Code     0  __rtentry2.o(.ARM.Collect$$rtentry$$00000002)
    __rt_entry_sh                            0x00000149   Thumb Code     0  __rtentry4.o(.ARM.Collect$$rtentry$$00000004)
    __rt_entry_li                            0x0000014f   Thumb Code     0  __rtentry2.o(.ARM.Collect$$rtentry$$0000000A)
    __rt_entry_postsh_1                      0x0000014f   Thumb Code     0  __rtentry2.o(.ARM.Collect$$rtentry$$00000009)
    __rt_entry_main                          0x00000153   Thumb Code     0  __rtentry2.o(.ARM.Collect$$rtentry$$0000000D)
    __rt_entry_postli_1                      0x00000153   Thumb Code     0  __rtentry2.o(.ARM.Collect$$rtentry$$0000000C)
    __rt_exit                                0x0000015b   Thumb Code     0  rtexit.o(.ARM.Collect$$rtexit$$00000000)
    __rt_exit_ls                             0x0000015d   Thumb Code     0  rtexit2.o(.ARM.Collect$$rtexit$$00000003)
    __rt_exit_prels_1                        0x0000015d   Thumb Code     0  rtexit2.o(.ARM.Collect$$rtexit$$00000002)
    __rt_exit_exit                           0x00000161   Thumb Code     0  rtexit2.o(.ARM.Collect$$rtexit$$00000004)
    SVC_RTE                                  0x00000169   Thumb Code     0  hal.o(.emb_text)
    __rte                                    0x00000169   Thumb Code     8  hal.o(.emb_text)
    k_tsk_switch                             0x00000171   Thumb Code    44  k_task.o(.emb_text)
    K_RESTORE                                0x00000183   Thumb Code     0  k_task.o(.emb_text)
    k_tsk_start                              0x000001a1   Thumb Code     2  k_task.o(.emb_text)
    Reset_Handler                            0x000001a5   Thumb Code     8  startup_lpc17xx.o(.text)
    NMI_Handler                              0x000001ad   Thumb Code     2  startup_lpc17xx.o(.text)
    MemManage_Handler                        0x000001b1   Thumb Code     2  startup_lpc17xx.o(.text)
    BusFault_Handler                         0x000001b3   Thumb Code     2  startup_lpc17xx.o(.text)
    UsageFault_Handler                       0x000001b5   Thumb Code     2  startup_lpc17xx.o(.text)
    DebugMon_Handler                         0x000001b9   Thumb Code     2  startup_lpc17xx.o(.text)
    PendSV_Handler                           0x000001bb   Thumb Code     2  startup_lpc17xx.o(.text)
    SysTick_Handler                          0x000001bd   Thumb Code     2  startup_lpc17xx.o(.text)
    ADC_IRQHandler                           0x000001bf   Thumb Code     0  startup_lpc17xx.o(.text)
    BOD_IRQHandler                           0x000001bf   Thumb Code     0  startup_lpc17xx.o(.text)
    CANActivity_IRQHandler                   0x000001bf   Thumb Code     0  startup_lpc17xx.o(.text)
    CAN_IRQHandler                           0x000001bf   Thumb Code     0  startup_lpc17xx.o(.text)
    DMA_IRQHandler                           0x000001bf   Thumb Code     0  startup_lpc17xx.o(.text)
    EINT0_IRQHandler                         0x000001bf   Thumb Code     0  startup_lpc17xx.o(.text)
    EINT1_IRQHandler                         0x000001bf   Thumb Code     0  startup_lpc17xx.o(.text)
    EINT2_IRQHandler                         0x000001bf   Thumb Code     0  startup_lpc17xx.o(.text)
    EINT3_IRQHandler                         0x000001bf   Thumb Code     0  startup_lpc17xx.o(.text)
    ENET_IRQHandler                          0x000001bf   Thumb Code     0  startup_lpc17xx.o(.text)
    I2C0_IRQHandler                          0x000001bf   Thumb Code     0  startup_lpc17xx.o(.text)
    I2C1_IRQHandler                          0x000001bf   Thumb Code     0  startup_lpc17xx.o(.text)
    I2C2_IRQHandler                          0x000001bf   Thumb Code     0  startup_lpc17xx.o(.text)
    I2S_IRQHandler                           0x000001bf   Thumb Code     0  startup_lpc17xx.o(.text)
    MCPWM_IRQHandler                         0x000001bf   Thumb Code     0  startup_lpc17xx.o(.text)
    PLL0_IRQHandler                          0x000001bf   Thumb Code     0  startup_lpc17xx.o(.text)
    PLL1_IRQHandler                          0x000001bf   Thumb Code     0  startup_lpc17xx.o(.text)
    PWM1_IRQHandler                          0x000001bf   Thumb Code     0  startup_lpc17xx.o(.text)
    QEI_IRQHandler                           0x000001bf   Thumb Code     0  startup_lpc17xx.o(.text)
    RIT_IRQHandler                           0x000001bf   Thumb Code     0  startup_lpc17xx.o(.text)
    RTC_IRQHandler                           0x000001bf   Thumb Code     0  startup_lpc17xx.o(.text)
    SPI_IRQHandler                           0x000001bf   Thumb Code     0  startup_lpc17xx.o(.text)
    SSP0_IRQHandler                          0x000001bf   Thumb Code     0  startup_lpc17xx.o(.text)
    SSP1_IRQHandler                          0x000001bf   Thumb Code     0  startup_lpc17xx.o(.text)
    TIMER1_IRQHandler                        0x000001bf   Thumb Code     0  startup_lpc17xx.o(.text)
    TIMER2_IRQHandler                        0x000001bf   Thumb Code     0  startup_lpc17xx.o(.text)
    TIMER3_IRQHandler                        0x000001bf   Thumb Code     0  startup_lpc17xx.o(.text)
    UART1_IRQHandler                         0x000001bf   Thumb Code     0  startup_lpc17xx.o(.text)
    UART2_IRQHandler                         0x000001bf   Thumb Code     0  startup_lpc17xx.o(.text)
    UART3_IRQHandler                         0x000001bf   Thumb Code     0  startup_lpc17xx.o(.text)
    USBActivity_IRQHandler                   0x000001bf   Thumb Code     0  startup_lpc17xx.o(.text)
    USB_IRQHandler                           0x000001bf   Thumb Code     0  startup_lpc17xx.o(.text)
    WDT_IRQHandler                           0x000001bf   Thumb Code     0  startup_lpc17xx.o(.text)
    __user_initial_stackheap                 0x000001c1   Thumb Code     0  startup_lpc17xx.o(.text)
    __use_two_region_memory                  0x000001e1   Thumb Code     2  heapauxi.o(.text)
    __rt_heap_escrow$2region                 0x000001e3   Thumb Code     2  heapauxi.o(.text)
    __rt_heap_expand$2region                 0x000001e5   Thumb Code     2  heapauxi.o(.text)
    __user_setup_stackheap                   0x000001e7   Thumb Code    74  sys_stackheap_outer.o(.text)
    exit                                     0x00000231   Thumb Code    18  exit.o(.text)
    __user_libspace                          0x00000245   Thumb Code     8  libspace.o(.text)
    __user_perproc_libspace                  0x00000245   Thumb Code     0  libspace.o(.text)
    __user_perthread_libspace                0x00000245   Thumb Code     0  libspace.o(.text)
    _sys_exit                                0x0000024d   Thumb Code     8  sys_exit.o(.text)
    __I$use$semihosting                      0x00000259   Thumb Code     0  use_no_semi.o(.text)
    __use_no_semihosting_swi                 0x00000259   Thumb Code     2  use_no_semi.o(.text)
    __semihosting_library_function           0x0000025b   Thumb Code     0  indicate_semi.o(.text)
    HardFault_Handler                        0x0000025d   Thumb Code    22  ae_util.o(i.HardFault_Handler)
    UART0_IRQHandler                         0x0000028d   Thumb Code    52  uart_irq.o(i.UART0_IRQHandler)
    ae_exit                                  0x000002ef   Thumb Code     4  ae.o(i.ae_exit)
    SVC_Handler                              0x00000301   Thumb Code   296  hal.o(i.SVC_Handler)
    SystemInit                               0x00000429   Thumb Code   304  system_lpc17xx.o(i.SystemInit)
    TIMER0_IRQHandler                        0x00000569   Thumb Code   108  timer.o(i.TIMER0_IRQHandler)
    ae_init                                  0x00000649   Thumb Code    48  ae.o(i.ae_init)
    ae_set_init_tasks_info                   0x00000679   Thumb Code    22  ae.o(i.ae_set_init_tasks_info)
    ae_set_sys_info                          0x0000068f   Thumb Code    22  ae.o(i.ae_set_sys_info)
    bottom_up                                0x000006a5   Thumb Code    50  k_mem.o(i.bottom_up)
    clear_bit                                0x000006e1   Thumb Code    34  btree.o(i.clear_bit)
    clear_cache                              0x00000705   Thumb Code    28  kcd_task.o(i.clear_cache)
    cmd_exist                                0x0000072d   Thumb Code    34  kcd_task.o(i.cmd_exist)
    cmd_map                                  0x00000755   Thumb Code    60  kcd_task.o(i.cmd_map)
    count_set_bits                           0x00000795   Thumb Code    18  ae_util.o(i.count_set_bits)
    dequeue                                  0x000007a7   Thumb Code    36  mailbox.o(i.dequeue)
    empty                                    0x000007cb   Thumb Code    14  dlist.o(i.empty)
    enqueue                                  0x000007d9   Thumb Code    34  mailbox.o(i.enqueue)
    gen_req0                                 0x000007fd   Thumb Code    72  ae_tasks1_g37.o(i.gen_req0)
    gen_req1                                 0x00000849   Thumb Code    68  ae_tasks1_g37.o(i.gen_req1)
    get_address                              0x00000891   Thumb Code    82  btree.o(i.get_address)
    get_buddy                                0x000008ed   Thumb Code    24  btree.o(i.get_buddy)
    get_digit                                0x00000905   Thumb Code    32  math.o(i.get_digit)
    get_index                                0x00000925   Thumb Code    32  btree.o(i.get_index)
    get_offset                               0x00000945   Thumb Code    84  btree.o(i.get_offset)
    get_position                             0x000009a1   Thumb Code    60  btree.o(i.get_position)
    init_ae_tsk_test                         0x00000a05   Thumb Code    96  ae_tasks1_g37.o(i.init_ae_tsk_test)
    init_map                                 0x00000a81   Thumb Code    32  kcd_task.o(i.init_map)
    init_printf                              0x00000aa5   Thumb Code    10  printf.o(i.init_printf)
    insert_before                            0x00000ab9   Thumb Code    38  dlist.o(i.insert_before)
    is_allocated                             0x00000adf   Thumb Code    26  btree.o(i.is_allocated)
    k_alloc_k_stack                          0x00000af9   Thumb Code    30  k_mem.o(i.k_alloc_k_stack)
    k_alloc_p_stack                          0x00000b17   Thumb Code    28  k_mem.o(i.k_alloc_p_stack)
    k_mbx_create                             0x00000b35   Thumb Code   104  k_msg.o(i.k_mbx_create)
    k_mbx_get                                0x00000ba5   Thumb Code    40  k_msg.o(i.k_mbx_get)
    k_mbx_ls                                 0x00000bd5   Thumb Code    72  k_msg.o(i.k_mbx_ls)
    k_mem_init                               0x00000c25   Thumb Code    48  k_mem.o(i.k_mem_init)
    k_mpool_alloc                            0x00000c65   Thumb Code   586  k_mem.o(i.k_mpool_alloc)
    k_mpool_create                           0x00000ec5   Thumb Code   134  k_mem.o(i.k_mpool_create)
    k_mpool_dealloc                          0x00000f61   Thumb Code   418  k_mem.o(i.k_mpool_dealloc)
    k_mpool_dump                             0x00001129   Thumb Code   146  k_mem.o(i.k_mpool_dump)
    k_pre_rtx_init                           0x000011f5   Thumb Code    44  k_rtx_init.o(i.k_pre_rtx_init)
    k_recv_msg                               0x00001225   Thumb Code   330  k_msg.o(i.k_recv_msg)
    k_recv_msg_nb                            0x0000137d   Thumb Code   310  k_msg.o(i.k_recv_msg_nb)
    k_rt_tsk_get                             0x000014c1   Thumb Code    82  k_task.o(i.k_rt_tsk_get)
    k_rt_tsk_set                             0x00001525   Thumb Code   130  k_task.o(i.k_rt_tsk_set)
    k_rt_tsk_susp                            0x000015bd   Thumb Code   106  k_task.o(i.k_rt_tsk_susp)
    k_rtx_init                               0x00001639   Thumb Code    64  k_rtx_init.o(i.k_rtx_init)
    k_send_msg                               0x0000167d   Thumb Code   308  k_msg.o(i.k_send_msg)
    k_send_msg_nb                            0x000017c5   Thumb Code   206  k_msg.o(i.k_send_msg_nb)
    k_tsk_create                             0x000018a1   Thumb Code   182  k_task.o(i.k_tsk_create)
    k_tsk_create_new                         0x00001969   Thumb Code   238  k_task.o(i.k_tsk_create_new)
    k_tsk_exit                               0x00001a5d   Thumb Code   202  k_task.o(i.k_tsk_exit)
    k_tsk_get                                0x00001b39   Thumb Code   124  k_task.o(i.k_tsk_get)
    k_tsk_gettid                             0x00001bc1   Thumb Code    10  k_task.o(i.k_tsk_gettid)
    k_tsk_init                               0x00001bd1   Thumb Code   344  k_task.o(i.k_tsk_init)
    k_tsk_init_cdisp                         0x00001d45   Thumb Code    24  k_task.o(i.k_tsk_init_cdisp)
    k_tsk_init_kcd                           0x00001d61   Thumb Code    24  k_task.o(i.k_tsk_init_kcd)
    k_tsk_init_null                          0x00001d7d   Thumb Code    22  k_task.o(i.k_tsk_init_null)
    k_tsk_init_wclck                         0x00001d99   Thumb Code    24  k_task.o(i.k_tsk_init_wclck)
    k_tsk_ls                                 0x00001db5   Thumb Code    74  k_task.o(i.k_tsk_ls)
    k_tsk_run_new                            0x00001e09   Thumb Code   110  k_task.o(i.k_tsk_run_new)
    k_tsk_set_prio                           0x00001e81   Thumb Code   218  k_task.o(i.k_tsk_set_prio)
    k_tsk_yield                              0x00001f6d   Thumb Code    26  k_task.o(i.k_tsk_yield)
    log2_ceil                                0x00001f8d   Thumb Code    42  math.o(i.log2_ceil)
    main                                     0x00001fb9   Thumb Code   102  main.o(i.main)
    mb_empty                                 0x00002035   Thumb Code    22  mailbox.o(i.mb_empty)
    msg_len                                  0x0000204b   Thumb Code    72  mailbox.o(i.msg_len)
    num_places                               0x00002093   Thumb Code    22  math.o(i.num_places)
    pop_back                                 0x000020a9   Thumb Code    54  dlist.o(i.pop_back)
    pop_front                                0x000020df   Thumb Code    54  dlist.o(i.pop_front)
    prep_disp_msg                            0x00002115   Thumb Code    34  kcd_task.o(i.prep_disp_msg)
    print_log                                0x00002139   Thumb Code    42  ae_util.o(i.print_log)
    print_results                            0x000021a9   Thumb Code   118  ae_util.o(i.print_results)
    print_summary                            0x000022c9   Thumb Code    22  ae_util.o(i.print_summary)
    process_sub_result                       0x000022f5   Thumb Code    46  ae_util.o(i.process_sub_result)
    push_back                                0x0000232d   Thumb Code    36  dlist.o(i.push_back)
    push_front                               0x00002351   Thumb Code    36  dlist.o(i.push_front)
    putc                                     0x00002375   Thumb Code    28  uart_polling.o(i.putc)
    remove                                   0x0000240b   Thumb Code    68  dlist.o(i.remove)
    rt_queue_add                             0x00002451   Thumb Code    50  k_task.o(i.rt_queue_add)
    rt_waitlist_add                          0x00002489   Thumb Code    50  k_msg.o(i.rt_waitlist_add)
    run_LM                                   0x000024bd   Thumb Code   218  kcd_task.o(i.run_LM)
    run_LT                                   0x000025b1   Thumb Code   116  kcd_task.o(i.run_LT)
    run_WR                                   0x00002639   Thumb Code    28  wall_clock_task.o(i.run_WR)
    run_WS                                   0x00002669   Thumb Code    86  wall_clock_task.o(i.run_WS)
    run_WT                                   0x000026cd   Thumb Code    28  wall_clock_task.o(i.run_WT)
    scheduler                                0x000026f1   Thumb Code    64  k_task.o(i.scheduler)
    set_ae_init_tasks                        0x0000273d   Thumb Code    24  ae_tasks1_g37.o(i.set_ae_init_tasks)
    set_ae_tasks                             0x00002759   Thumb Code    64  ae_tasks1_g37.o(i.set_ae_tasks)
    set_bit                                  0x0000279d   Thumb Code    34  btree.o(i.set_bit)
    split_addr                               0x000027bf   Thumb Code    50  btree.o(i.split_addr)
    strcpy                                   0x000027f1   Thumb Code    32  ae_util.o(i.strcpy)
    task0                                    0x00002811   Thumb Code    60  ae_tasks1_g37.o(i.task0)
    task_cdisp                               0x00002879   Thumb Code    96  cdisp_task.o(i.task_cdisp)
    task_kcd                                 0x000028e1   Thumb Code   430  kcd_task.o(i.task_kcd)
    task_null                                0x00002aad   Thumb Code     6  null_task.o(i.task_null)
    task_wall_clock                          0x00002ab5   Thumb Code   380  wall_clock_task.o(i.task_wall_clock)
    test1_start                              0x00002c7d   Thumb Code   250  ae_tasks1_g37.o(i.test1_start)
    test_abort                               0x00002df5   Thumb Code    36  ae_util.o(i.test_abort)
    test_exit                                0x00002e61   Thumb Code    16  ae_util.o(i.test_exit)
    tfp_format                               0x00002e85   Thumb Code   296  printf.o(i.tfp_format)
    tfp_printf                               0x00002fad   Thumb Code    34  printf.o(i.tfp_printf)
    tfp_sprintf                              0x00002fd9   Thumb Code    38  printf.o(i.tfp_sprintf)
    timeout_list_add                         0x00003005   Thumb Code    76  k_task.o(i.timeout_list_add)
    timer_freerun_init                       0x00003059   Thumb Code   136  timer.o(i.timer_freerun_init)
    timer_irq_init                           0x000030f1   Thumb Code   114  timer.o(i.timer_irq_init)
    total_size                               0x00003171   Thumb Code    10  mailbox.o(i.total_size)
    uart_init                                0x0000317d   Thumb Code    96  uart_polling.o(i.uart_init)
    uart_irq_init                            0x000031e9   Thumb Code   236  uart_irq.o(i.uart_irq_init)
    uart_put_char                            0x000032f1   Thumb Code    42  uart_polling.o(i.uart_put_char)
    uart_put_string                          0x00003325   Thumb Code    38  uart_polling.o(i.uart_put_string)
    update_ae_xtest                          0x000033a1   Thumb Code    18  ae_tasks1_g37.o(i.update_ae_xtest)
    update_exec_seq                          0x000033b9   Thumb Code    64  ae_tasks1_g37.o(i.update_exec_seq)
    upow                                     0x000033fd   Thumb Code    22  math.o(i.upow)
    __aeabi_dadd                             0x00003415   Thumb Code     0  daddsub_clz.o(x$fpl$dadd)
    _dadd                                    0x00003415   Thumb Code   332  daddsub_clz.o(x$fpl$dadd)
    __aeabi_ddiv                             0x00003565   Thumb Code     0  ddiv.o(x$fpl$ddiv)
    _ddiv                                    0x00003565   Thumb Code   552  ddiv.o(x$fpl$ddiv)
    __aeabi_d2uiz                            0x00003815   Thumb Code     0  dfixu.o(x$fpl$dfixu)
    _dfixu                                   0x00003815   Thumb Code    90  dfixu.o(x$fpl$dfixu)
    __aeabi_ui2d                             0x0000386f   Thumb Code     0  dflt_clz.o(x$fpl$dfltu)
    _dfltu                                   0x0000386f   Thumb Code    38  dflt_clz.o(x$fpl$dfltu)
    __aeabi_dmul                             0x00003895   Thumb Code     0  dmul.o(x$fpl$dmul)
    _dmul                                    0x00003895   Thumb Code   332  dmul.o(x$fpl$dmul)
    __fpl_dnaninf                            0x000039e9   Thumb Code   156  dnaninf.o(x$fpl$dnaninf)
    __fpl_dretinf                            0x00003a85   Thumb Code    12  dretinf.o(x$fpl$dretinf)
    __aeabi_drsub                            0x00003a91   Thumb Code     0  daddsub_clz.o(x$fpl$drsb)
    _drsb                                    0x00003a91   Thumb Code    22  daddsub_clz.o(x$fpl$drsb)
    __aeabi_dsub                             0x00003aa9   Thumb Code     0  daddsub_clz.o(x$fpl$dsub)
    _dsub                                    0x00003aa9   Thumb Code   464  daddsub_clz.o(x$fpl$dsub)
    PREFIX                                   0x00003c7c   Data          10  ae_tasks1_g37.o(.constdata)
    __I$use$fp                               0x00003c7c   Number         0  usenofp.o(x$fpl$usenofp)
    PREFIX_LOG                               0x00003c86   Data          14  ae_tasks1_g37.o(.constdata)
    PREFIX_LOG2                              0x00003c94   Data          15  ae_tasks1_g37.o(.constdata)
    Region$$Table$$Base                      0x00003ce8   Number         0  anon$$obj.o(Region$$Table)
    Region$$Table$$Limit                     0x00003d08   Number         0  anon$$obj.o(Region$$Table)
    rx_buf                                   0x10000000   Data           7  uart_irq.o(.data)
    g_timer_count                            0x10000008   Data           4  timer.o(.data)
    errno                                    0x1000000c   Data           4  k_rtx_init.o(.data)
    gp_current_task                          0x10000010   Data           4  k_task.o(.data)
    g_num_active_tasks                       0x10000014   Data           4  k_task.o(.data)
    rt_queue                                 0x10000018   Data           8  k_task.o(.data)
    timeout_list                             0x10000020   Data           8  k_task.o(.data)
    cached_cmd_len                           0x10000030   Data           1  kcd_task.o(.data)
    active_cmd                               0x10000031   Data           1  kcd_task.o(.data)
    LT_msg                                   0x10000032   Data          19  kcd_task.o(.data)
    LM_msg                                   0x10000045   Data          32  kcd_task.o(.data)
    cmd_nf                                   0x10000065   Data          21  kcd_task.o(.data)
    cmd_inv                                  0x1000007a   Data          19  kcd_task.o(.data)
    tid_index                                0x1000008d   Data           1  kcd_task.o(.data)
    state_index                              0x1000008e   Data           1  kcd_task.o(.data)
    free_index                               0x1000008f   Data           1  kcd_task.o(.data)
    LT_msg_len                               0x10000090   Data           1  kcd_task.o(.data)
    LM_msg_len                               0x10000091   Data           1  kcd_task.o(.data)
    cmd_nf_len                               0x10000092   Data           1  kcd_task.o(.data)
    cmd_inv_len                              0x10000093   Data           1  kcd_task.o(.data)
    hour                                     0x10000094   Data           1  wall_clock_task.o(.data)
    minute                                   0x10000095   Data           1  wall_clock_task.o(.data)
    second                                   0x10000096   Data           1  wall_clock_task.o(.data)
    clock_on                                 0x10000097   Data           1  wall_clock_task.o(.data)
    removed                                  0x10000098   Data           1  wall_clock_task.o(.data)
    g_ae_cases                               0x100000ac   Data           8  ae_tasks1_g37.o(.data)
    uart_mb                                  0x100000b4   Data          60  uart_irq.o(.bss)
    free_list_1                              0x100000f0   Data          64  k_mem.o(.bss)
    bit_tree_1                               0x10000130   Data          32  k_mem.o(.bss)
    free_list_2                              0x10000150   Data          88  k_mem.o(.bss)
    bit_tree_2                               0x100001a8   Data         256  k_mem.o(.bss)
    g_tcbs                                   0x100002a8   Data        1200  k_task.o(.bss)
    prio_queue                               0x10000758   Data          32  k_task.o(.bss)
    command_tid                              0x10000778   Data          62  kcd_task.o(.bss)
    cached_cmd                               0x100007b6   Data          64  kcd_task.o(.bss)
    cmd_buf                                  0x100007f6   Data          17  wall_clock_task.o(.bss)
    clk_buf                                  0x10000807   Data          40  wall_clock_task.o(.bss)
    __libspace_start                         0x10000830   Data          96  libspace.o(.bss)
    __temporary_stack_top$libspace           0x10000890   Data           0  libspace.o(.bss)
    g_init_tasks                             0x10000890   Data          12  ae_tasks1_g37.o(.bss)
    g_ae_xtest                               0x1000089c   Data         132  ae_tasks1_g37.o(.bss)
    g_tsk_cases                              0x10000920   Data         144  ae_tasks1_g37.o(.bss)
    g_buf1                                   0x100009b0   Data         128  ae_tasks1_g37.o(.bss)
    g_buf2                                   0x10000a30   Data         128  ae_tasks1_g37.o(.bss)
    g_tasks                                  0x10000ab0   Data          10  ae_tasks1_g37.o(.bss)
    g_tids                                   0x10000aba   Data          10  ae_tasks1_g37.o(.bss)



==============================================================================

Memory Map of the image

  Image Entry point : 0x000000cd

  Load Region LR_IROM1 (Base: 0x00000000, Size: 0x00003dbc, Max: 0x00080000, ABSOLUTE)

    Execution Region ER_IROM1 (Exec base: 0x00000000, Load base: 0x00000000, Size: 0x00003d08, Max: 0x00080000, ABSOLUTE)

    Exec Addr    Load Addr    Size         Type   Attr      Idx    E Section Name        Object

    0x00000000   0x00000000   0x000000cc   Data   RO         1096    RESET               startup_lpc17xx.o
    0x000000cc   0x000000cc   0x00000008   Code   RO         1146  * !!!main             c_w.l(__main.o)
    0x000000d4   0x000000d4   0x00000034   Code   RO         1584    !!!scatter          c_w.l(__scatter.o)
    0x00000108   0x00000108   0x0000001a   Code   RO         1586    !!handler_copy      c_w.l(__scatter_copy.o)
    0x00000122   0x00000122   0x00000002   PAD
    0x00000124   0x00000124   0x0000001c   Code   RO         1588    !!handler_zi        c_w.l(__scatter_zi.o)
    0x00000140   0x00000140   0x00000002   Code   RO         1276    .ARM.Collect$$libinit$$00000000  c_w.l(libinit.o)
    0x00000142   0x00000142   0x00000000   Code   RO         1325    .ARM.Collect$$libinit$$00000002  c_w.l(libinit2.o)
    0x00000142   0x00000142   0x00000000   Code   RO         1327    .ARM.Collect$$libinit$$00000004  c_w.l(libinit2.o)
    0x00000142   0x00000142   0x00000000   Code   RO         1330    .ARM.Collect$$libinit$$0000000A  c_w.l(libinit2.o)
    0x00000142   0x00000142   0x00000000   Code   RO         1332    .ARM.Collect$$libinit$$0000000C  c_w.l(libinit2.o)
    0x00000142   0x00000142   0x00000000   Code   RO         1334    .ARM.Collect$$libinit$$0000000E  c_w.l(libinit2.o)
    0x00000142   0x00000142   0x00000000   Code   RO         1337    .ARM.Collect$$libinit$$00000011  c_w.l(libinit2.o)
    0x00000142   0x00000142   0x00000000   Code   RO         1339    .ARM.Collect$$libinit$$00000013  c_w.l(libinit2.o)
    0x00000142   0x00000142   0x00000000   Code   RO         1341    .ARM.Collect$$libinit$$00000015  c_w.l(libinit2.o)
    0x00000142   0x00000142   0x00000000   Code   RO         1343    .ARM.Collect$$libinit$$00000017  c_w.l(libinit2.o)
    0x00000142   0x00000142   0x00000000   Code   RO         1345    .ARM.Collect$$libinit$$00000019  c_w.l(libinit2.o)
    0x00000142   0x00000142   0x00000000   Code   RO         1347    .ARM.Collect$$libinit$$0000001B  c_w.l(libinit2.o)
    0x00000142   0x00000142   0x00000000   Code   RO         1349    .ARM.Collect$$libinit$$0000001D  c_w.l(libinit2.o)
    0x00000142   0x00000142   0x00000000   Code   RO         1351    .ARM.Collect$$libinit$$0000001F  c_w.l(libinit2.o)
    0x00000142   0x00000142   0x00000000   Code   RO         1353    .ARM.Collect$$libinit$$00000021  c_w.l(libinit2.o)
    0x00000142   0x00000142   0x00000000   Code   RO         1355    .ARM.Collect$$libinit$$00000023  c_w.l(libinit2.o)
    0x00000142   0x00000142   0x00000000   Code   RO         1357    .ARM.Collect$$libinit$$00000025  c_w.l(libinit2.o)
    0x00000142   0x00000142   0x00000000   Code   RO         1361    .ARM.Collect$$libinit$$0000002C  c_w.l(libinit2.o)
    0x00000142   0x00000142   0x00000000   Code   RO         1363    .ARM.Collect$$libinit$$0000002E  c_w.l(libinit2.o)
    0x00000142   0x00000142   0x00000000   Code   RO         1365    .ARM.Collect$$libinit$$00000030  c_w.l(libinit2.o)
    0x00000142   0x00000142   0x00000000   Code   RO         1367    .ARM.Collect$$libinit$$00000032  c_w.l(libinit2.o)
    0x00000142   0x00000142   0x00000002   Code   RO         1368    .ARM.Collect$$libinit$$00000033  c_w.l(libinit2.o)
    0x00000144   0x00000144   0x00000002   Code   RO         1541    .ARM.Collect$$libshutdown$$00000000  c_w.l(libshutdown.o)
    0x00000146   0x00000146   0x00000000   Code   RO         1567    .ARM.Collect$$libshutdown$$00000002  c_w.l(libshutdown2.o)
    0x00000146   0x00000146   0x00000000   Code   RO         1569    .ARM.Collect$$libshutdown$$00000004  c_w.l(libshutdown2.o)
    0x00000146   0x00000146   0x00000000   Code   RO         1572    .ARM.Collect$$libshutdown$$00000007  c_w.l(libshutdown2.o)
    0x00000146   0x00000146   0x00000000   Code   RO         1575    .ARM.Collect$$libshutdown$$0000000A  c_w.l(libshutdown2.o)
    0x00000146   0x00000146   0x00000000   Code   RO         1577    .ARM.Collect$$libshutdown$$0000000C  c_w.l(libshutdown2.o)
    0x00000146   0x00000146   0x00000000   Code   RO         1580    .ARM.Collect$$libshutdown$$0000000F  c_w.l(libshutdown2.o)
    0x00000146   0x00000146   0x00000002   Code   RO         1581    .ARM.Collect$$libshutdown$$00000010  c_w.l(libshutdown2.o)
    0x00000148   0x00000148   0x00000000   Code   RO         1170    .ARM.Collect$$rtentry$$00000000  c_w.l(__rtentry.o)
    0x00000148   0x00000148   0x00000000   Code   RO         1181    .ARM.Collect$$rtentry$$00000002  c_w.l(__rtentry2.o)
    0x00000148   0x00000148   0x00000006   Code   RO         1193    .ARM.Collect$$rtentry$$00000004  c_w.l(__rtentry4.o)
    0x0000014e   0x0000014e   0x00000000   Code   RO         1183    .ARM.Collect$$rtentry$$00000009  c_w.l(__rtentry2.o)
    0x0000014e   0x0000014e   0x00000004   Code   RO         1184    .ARM.Collect$$rtentry$$0000000A  c_w.l(__rtentry2.o)
    0x00000152   0x00000152   0x00000000   Code   RO         1186    .ARM.Collect$$rtentry$$0000000C  c_w.l(__rtentry2.o)
    0x00000152   0x00000152   0x00000008   Code   RO         1187    .ARM.Collect$$rtentry$$0000000D  c_w.l(__rtentry2.o)
    0x0000015a   0x0000015a   0x00000002   Code   RO         1316    .ARM.Collect$$rtexit$$00000000  c_w.l(rtexit.o)
    0x0000015c   0x0000015c   0x00000000   Code   RO         1450    .ARM.Collect$$rtexit$$00000002  c_w.l(rtexit2.o)
    0x0000015c   0x0000015c   0x00000004   Code   RO         1451    .ARM.Collect$$rtexit$$00000003  c_w.l(rtexit2.o)
    0x00000160   0x00000160   0x00000006   Code   RO         1452    .ARM.Collect$$rtexit$$00000004  c_w.l(rtexit2.o)
    0x00000166   0x00000166   0x00000002   PAD
    0x00000168   0x00000168   0x00000008   Code   RO          257    .emb_text           hal.o
    0x00000170   0x00000170   0x00000032   Code   RO          501    .emb_text           k_task.o
    0x000001a2   0x000001a2   0x00000002   PAD
    0x000001a4   0x000001a4   0x0000003c   Code   RO         1098    .text               startup_lpc17xx.o
    0x000001e0   0x000001e0   0x00000006   Code   RO         1144    .text               c_w.l(heapauxi.o)
    0x000001e6   0x000001e6   0x0000004a   Code   RO         1263    .text               c_w.l(sys_stackheap_outer.o)
    0x00000230   0x00000230   0x00000012   Code   RO         1265    .text               c_w.l(exit.o)
    0x00000242   0x00000242   0x00000002   PAD
    0x00000244   0x00000244   0x00000008   Code   RO         1313    .text               c_w.l(libspace.o)
    0x0000024c   0x0000024c   0x0000000c   Code   RO         1447    .text               c_w.l(sys_exit.o)
    0x00000258   0x00000258   0x00000002   Code   RO         1530    .text               c_w.l(use_no_semi.o)
    0x0000025a   0x0000025a   0x00000000   Code   RO         1532    .text               c_w.l(indicate_semi.o)
    0x0000025a   0x0000025a   0x00000002   PAD
    0x0000025c   0x0000025c   0x00000030   Code   RO         1464    i.HardFault_Handler  ae-lib-sim.lib(ae_util.o)
    0x0000028c   0x0000028c   0x00000040   Code   RO           87    i.UART0_IRQHandler  uart_irq.o
    0x000002cc   0x000002cc   0x00000022   Code   RO           88    i.__NVIC_EnableIRQ  uart_irq.o
    0x000002ee   0x000002ee   0x00000004   Code   RO         1277    i.ae_exit           ae-lib-sim.lib(ae.o)
    0x000002f2   0x000002f2   0x0000000a   Code   RO          657    i.putcp             printf.o
    0x000002fc   0x000002fc   0x00000004   Code   RO         1097    .ARM.__at_0x02FC    startup_lpc17xx.o
    0x00000300   0x00000300   0x00000128   Code   RO          258    i.SVC_Handler       hal.o
    0x00000428   0x00000428   0x00000140   Code   RO         1108    i.SystemInit        system_lpc17xx.o
    0x00000568   0x00000568   0x00000074   Code   RO          188    i.TIMER0_IRQHandler  timer.o
    0x000005dc   0x000005dc   0x00000032   Code   RO          652    i.a2d               printf.o
    0x0000060e   0x0000060e   0x0000003a   Code   RO          653    i.a2i               printf.o
    0x00000648   0x00000648   0x00000030   Code   RO         1278    i.ae_init           ae-lib-sim.lib(ae.o)
    0x00000678   0x00000678   0x00000016   Code   RO         1279    i.ae_set_init_tasks_info  ae-lib-sim.lib(ae.o)
    0x0000068e   0x0000068e   0x00000016   Code   RO         1280    i.ae_set_sys_info   ae-lib-sim.lib(ae.o)
    0x000006a4   0x000006a4   0x0000003c   Code   RO          311    i.bottom_up         k_mem.o
    0x000006e0   0x000006e0   0x00000022   Code   RO          884    i.clear_bit         btree.o
    0x00000702   0x00000702   0x00000002   PAD
    0x00000704   0x00000704   0x00000028   Code   RO          755    i.clear_cache       kcd_task.o
    0x0000072c   0x0000072c   0x00000028   Code   RO          756    i.cmd_exist         kcd_task.o
    0x00000754   0x00000754   0x00000040   Code   RO          757    i.cmd_map           kcd_task.o
    0x00000794   0x00000794   0x00000012   Code   RO         1465    i.count_set_bits    ae-lib-sim.lib(ae_util.o)
    0x000007a6   0x000007a6   0x00000024   Code   RO         1043    i.dequeue           mailbox.o
    0x000007ca   0x000007ca   0x0000000e   Code   RO          992    i.empty             dlist.o
    0x000007d8   0x000007d8   0x00000022   Code   RO         1044    i.enqueue           mailbox.o
    0x000007fa   0x000007fa   0x00000002   PAD
    0x000007fc   0x000007fc   0x0000004c   Code   RO         1369    i.gen_req0          ae-lib-sim.lib(ae_tasks1_g37.o)
    0x00000848   0x00000848   0x00000048   Code   RO         1370    i.gen_req1          ae-lib-sim.lib(ae_tasks1_g37.o)
    0x00000890   0x00000890   0x0000005c   Code   RO          885    i.get_address       btree.o
    0x000008ec   0x000008ec   0x00000018   Code   RO          886    i.get_buddy         btree.o
    0x00000904   0x00000904   0x00000020   Code   RO          962    i.get_digit         math.o
    0x00000924   0x00000924   0x00000020   Code   RO          887    i.get_index         btree.o
    0x00000944   0x00000944   0x0000005c   Code   RO          889    i.get_offset        btree.o
    0x000009a0   0x000009a0   0x00000044   Code   RO          891    i.get_position      btree.o
    0x000009e4   0x000009e4   0x00000020   Code   RO          654    i.i2a               printf.o
    0x00000a04   0x00000a04   0x0000007c   Code   RO         1371    i.init_ae_tsk_test  ae-lib-sim.lib(ae_tasks1_g37.o)
    0x00000a80   0x00000a80   0x00000024   Code   RO          758    i.init_map          kcd_task.o
    0x00000aa4   0x00000aa4   0x00000014   Code   RO          655    i.init_printf       printf.o
    0x00000ab8   0x00000ab8   0x00000026   Code   RO          993    i.insert_before     dlist.o
    0x00000ade   0x00000ade   0x0000001a   Code   RO          893    i.is_allocated      btree.o
    0x00000af8   0x00000af8   0x0000001e   Code   RO          312    i.k_alloc_k_stack   k_mem.o
    0x00000b16   0x00000b16   0x0000001c   Code   RO          313    i.k_alloc_p_stack   k_mem.o
    0x00000b32   0x00000b32   0x00000002   PAD
    0x00000b34   0x00000b34   0x00000070   Code   RO          390    i.k_mbx_create      k_msg.o
    0x00000ba4   0x00000ba4   0x00000030   Code   RO          391    i.k_mbx_get         k_msg.o
    0x00000bd4   0x00000bd4   0x00000050   Code   RO          392    i.k_mbx_ls          k_msg.o
    0x00000c24   0x00000c24   0x00000040   Code   RO          314    i.k_mem_init        k_mem.o
    0x00000c64   0x00000c64   0x00000260   Code   RO          315    i.k_mpool_alloc     k_mem.o
    0x00000ec4   0x00000ec4   0x0000009c   Code   RO          316    i.k_mpool_create    k_mem.o
    0x00000f60   0x00000f60   0x000001c8   Code   RO          317    i.k_mpool_dealloc   k_mem.o
    0x00001128   0x00001128   0x000000cc   Code   RO          318    i.k_mpool_dump      k_mem.o
    0x000011f4   0x000011f4   0x00000030   Code   RO          457    i.k_pre_rtx_init    k_rtx_init.o
    0x00001224   0x00001224   0x00000158   Code   RO          393    i.k_recv_msg        k_msg.o
    0x0000137c   0x0000137c   0x00000144   Code   RO          394    i.k_recv_msg_nb     k_msg.o
    0x000014c0   0x000014c0   0x00000064   Code   RO          502    i.k_rt_tsk_get      k_task.o
    0x00001524   0x00001524   0x00000098   Code   RO          503    i.k_rt_tsk_set      k_task.o
    0x000015bc   0x000015bc   0x0000007c   Code   RO          504    i.k_rt_tsk_susp     k_task.o
    0x00001638   0x00001638   0x00000044   Code   RO          458    i.k_rtx_init        k_rtx_init.o
    0x0000167c   0x0000167c   0x00000148   Code   RO          395    i.k_send_msg        k_msg.o
    0x000017c4   0x000017c4   0x000000dc   Code   RO          396    i.k_send_msg_nb     k_msg.o
    0x000018a0   0x000018a0   0x000000c8   Code   RO          505    i.k_tsk_create      k_task.o
    0x00001968   0x00001968   0x000000f4   Code   RO          506    i.k_tsk_create_new  k_task.o
    0x00001a5c   0x00001a5c   0x000000dc   Code   RO          507    i.k_tsk_exit        k_task.o
    0x00001b38   0x00001b38   0x00000088   Code   RO          508    i.k_tsk_get         k_task.o
    0x00001bc0   0x00001bc0   0x00000010   Code   RO          509    i.k_tsk_gettid      k_task.o
    0x00001bd0   0x00001bd0   0x00000174   Code   RO          510    i.k_tsk_init        k_task.o
    0x00001d44   0x00001d44   0x0000001c   Code   RO          511    i.k_tsk_init_cdisp  k_task.o
    0x00001d60   0x00001d60   0x0000001c   Code   RO          512    i.k_tsk_init_kcd    k_task.o
    0x00001d7c   0x00001d7c   0x0000001c   Code   RO          513    i.k_tsk_init_null   k_task.o
    0x00001d98   0x00001d98   0x0000001c   Code   RO          514    i.k_tsk_init_wclck  k_task.o
    0x00001db4   0x00001db4   0x00000054   Code   RO          515    i.k_tsk_ls          k_task.o
    0x00001e08   0x00001e08   0x00000078   Code   RO          516    i.k_tsk_run_new     k_task.o
    0x00001e80   0x00001e80   0x000000ec   Code   RO          517    i.k_tsk_set_prio    k_task.o
    0x00001f6c   0x00001f6c   0x00000020   Code   RO          518    i.k_tsk_yield       k_task.o
    0x00001f8c   0x00001f8c   0x0000002a   Code   RO          963    i.log2_ceil         math.o
    0x00001fb6   0x00001fb6   0x00000002   PAD
    0x00001fb8   0x00001fb8   0x0000007c   Code   RO         1199    i.main              ae-lib-sim.lib(main.o)
    0x00002034   0x00002034   0x00000016   Code   RO         1045    i.mb_empty          mailbox.o
    0x0000204a   0x0000204a   0x00000048   Code   RO         1047    i.msg_len           mailbox.o
    0x00002092   0x00002092   0x00000016   Code   RO          964    i.num_places        math.o
    0x000020a8   0x000020a8   0x00000036   Code   RO          994    i.pop_back          dlist.o
    0x000020de   0x000020de   0x00000036   Code   RO          995    i.pop_front         dlist.o
    0x00002114   0x00002114   0x00000022   Code   RO          759    i.prep_disp_msg     kcd_task.o
    0x00002136   0x00002136   0x00000002   PAD
    0x00002138   0x00002138   0x00000070   Code   RO         1466    i.print_log         ae-lib-sim.lib(ae_util.o)
    0x000021a8   0x000021a8   0x00000120   Code   RO         1467    i.print_results     ae-lib-sim.lib(ae_util.o)
    0x000022c8   0x000022c8   0x0000002c   Code   RO         1468    i.print_summary     ae-lib-sim.lib(ae_util.o)
    0x000022f4   0x000022f4   0x00000038   Code   RO         1469    i.process_sub_result  ae-lib-sim.lib(ae_util.o)
    0x0000232c   0x0000232c   0x00000024   Code   RO          996    i.push_back         dlist.o
    0x00002350   0x00002350   0x00000024   Code   RO          997    i.push_front        dlist.o
    0x00002374   0x00002374   0x00000044   Code   RO            4    i.putc              uart_polling.o
    0x000023b8   0x000023b8   0x00000052   Code   RO          656    i.putchw            printf.o
    0x0000240a   0x0000240a   0x00000044   Code   RO          998    i.remove            dlist.o
    0x0000244e   0x0000244e   0x00000002   PAD
    0x00002450   0x00002450   0x00000038   Code   RO          519    i.rt_queue_add      k_task.o
    0x00002488   0x00002488   0x00000032   Code   RO          397    i.rt_waitlist_add   k_msg.o
    0x000024ba   0x000024ba   0x00000002   PAD
    0x000024bc   0x000024bc   0x000000f4   Code   RO          760    i.run_LM            kcd_task.o
    0x000025b0   0x000025b0   0x00000088   Code   RO          761    i.run_LT            kcd_task.o
    0x00002638   0x00002638   0x00000030   Code   RO          850    i.run_WR            wall_clock_task.o
    0x00002668   0x00002668   0x00000064   Code   RO          851    i.run_WS            wall_clock_task.o
    0x000026cc   0x000026cc   0x00000024   Code   RO          852    i.run_WT            wall_clock_task.o
    0x000026f0   0x000026f0   0x0000004c   Code   RO          520    i.scheduler         k_task.o
    0x0000273c   0x0000273c   0x0000001c   Code   RO         1372    i.set_ae_init_tasks  ae-lib-sim.lib(ae_tasks1_g37.o)
    0x00002758   0x00002758   0x00000044   Code   RO         1373    i.set_ae_tasks      ae-lib-sim.lib(ae_tasks1_g37.o)
    0x0000279c   0x0000279c   0x00000022   Code   RO          894    i.set_bit           btree.o
    0x000027be   0x000027be   0x00000032   Code   RO          895    i.split_addr        btree.o
    0x000027f0   0x000027f0   0x00000020   Code   RO         1470    i.strcpy            ae-lib-sim.lib(ae_util.o)
    0x00002810   0x00002810   0x00000068   Code   RO         1374    i.task0             ae-lib-sim.lib(ae_tasks1_g37.o)
    0x00002878   0x00002878   0x00000068   Code   RO          717    i.task_cdisp        cdisp_task.o
    0x000028e0   0x000028e0   0x000001cc   Code   RO          762    i.task_kcd          kcd_task.o
    0x00002aac   0x00002aac   0x00000006   Code   RO          825    i.task_null         null_task.o
    0x00002ab2   0x00002ab2   0x00000002   PAD
    0x00002ab4   0x00002ab4   0x000001c8   Code   RO          853    i.task_wall_clock   wall_clock_task.o
    0x00002c7c   0x00002c7c   0x00000178   Code   RO         1375    i.test1_start       ae-lib-sim.lib(ae_tasks1_g37.o)
    0x00002df4   0x00002df4   0x0000006c   Code   RO         1471    i.test_abort        ae-lib-sim.lib(ae_util.o)
    0x00002e60   0x00002e60   0x00000024   Code   RO         1472    i.test_exit         ae-lib-sim.lib(ae_util.o)
    0x00002e84   0x00002e84   0x00000128   Code   RO          658    i.tfp_format        printf.o
    0x00002fac   0x00002fac   0x0000002c   Code   RO          659    i.tfp_printf        printf.o
    0x00002fd8   0x00002fd8   0x0000002c   Code   RO          660    i.tfp_sprintf       printf.o
    0x00003004   0x00003004   0x00000054   Code   RO          521    i.timeout_list_add  k_task.o
    0x00003058   0x00003058   0x00000098   Code   RO          190    i.timer_freerun_init  timer.o
    0x000030f0   0x000030f0   0x00000080   Code   RO          191    i.timer_irq_init    timer.o
    0x00003170   0x00003170   0x0000000a   Code   RO         1048    i.total_size        mailbox.o
    0x0000317a   0x0000317a   0x00000002   PAD
    0x0000317c   0x0000317c   0x0000006c   Code   RO            6    i.uart_init         uart_polling.o
    0x000031e8   0x000031e8   0x00000108   Code   RO           89    i.uart_irq_init     uart_irq.o
    0x000032f0   0x000032f0   0x00000034   Code   RO            7    i.uart_put_char     uart_polling.o
    0x00003324   0x00003324   0x00000026   Code   RO            8    i.uart_put_string   uart_polling.o
    0x0000334a   0x0000334a   0x00000056   Code   RO          661    i.ui2a              printf.o
    0x000033a0   0x000033a0   0x00000018   Code   RO         1376    i.update_ae_xtest   ae-lib-sim.lib(ae_tasks1_g37.o)
    0x000033b8   0x000033b8   0x00000044   Code   RO         1377    i.update_exec_seq   ae-lib-sim.lib(ae_tasks1_g37.o)
    0x000033fc   0x000033fc   0x00000016   Code   RO          965    i.upow              math.o
    0x00003412   0x00003412   0x00000002   PAD
    0x00003414   0x00003414   0x00000150   Code   RO         1148    x$fpl$dadd          fz_ws.l(daddsub_clz.o)
    0x00003564   0x00003564   0x000002b0   Code   RO         1155    x$fpl$ddiv          fz_ws.l(ddiv.o)
    0x00003814   0x00003814   0x0000005a   Code   RO         1158    x$fpl$dfixu         fz_ws.l(dfixu.o)
    0x0000386e   0x0000386e   0x00000026   Code   RO         1162    x$fpl$dfltu         fz_ws.l(dflt_clz.o)
    0x00003894   0x00003894   0x00000154   Code   RO         1168    x$fpl$dmul          fz_ws.l(dmul.o)
    0x000039e8   0x000039e8   0x0000009c   Code   RO         1175    x$fpl$dnaninf       fz_ws.l(dnaninf.o)
    0x00003a84   0x00003a84   0x0000000c   Code   RO         1177    x$fpl$dretinf       fz_ws.l(dretinf.o)
    0x00003a90   0x00003a90   0x00000016   Code   RO         1149    x$fpl$drsb          fz_ws.l(daddsub_clz.o)
    0x00003aa6   0x00003aa6   0x00000002   PAD
    0x00003aa8   0x00003aa8   0x000001d4   Code   RO         1150    x$fpl$dsub          fz_ws.l(daddsub_clz.o)
    0x00003c7c   0x00003c7c   0x00000000   Code   RO         1179    x$fpl$usenofp       fz_ws.l(usenofp.o)
    0x00003c7c   0x00003c7c   0x00000027   Data   RO         1379    .constdata          ae-lib-sim.lib(ae_tasks1_g37.o)
    0x00003ca3   0x00003ca3   0x00000001   PAD
    0x00003ca4   0x00003ca4   0x00000043   Data   RO         1380    .conststring        ae-lib-sim.lib(ae_tasks1_g37.o)
    0x00003ce7   0x00003ce7   0x00000001   PAD
    0x00003ce8   0x00003ce8   0x00000020   Data   RO         1582    Region$$Table       anon$$obj.o


    Execution Region RW_IRAM1 (Exec base: 0x10000000, Load base: 0x00003d08, Size: 0x00000cc8, Max: 0x00007000, ABSOLUTE)

    Exec Addr    Load Addr    Size         Type   Attr      Idx    E Section Name        Object

    0x10000000   0x00003d08   0x00000007   Data   RW           91    .data               uart_irq.o
    0x10000007   0x00003d0f   0x00000001   PAD
    0x10000008   0x00003d10   0x00000004   Data   RW          192    .data               timer.o
    0x1000000c   0x00003d14   0x00000004   Data   RW          459    .data               k_rtx_init.o
    0x10000010   0x00003d18   0x00000018   Data   RW          523    .data               k_task.o
    0x10000028   0x00003d30   0x00000008   Data   RW          662    .data               printf.o
    0x10000030   0x00003d38   0x00000064   Data   RW          764    .data               kcd_task.o
    0x10000094   0x00003d9c   0x00000005   Data   RW          855    .data               wall_clock_task.o
    0x10000099   0x00003da1   0x00000003   PAD
    0x1000009c   0x00003da4   0x00000010   Data   RW         1200    .data               ae-lib-sim.lib(main.o)
    0x100000ac   0x00003db4   0x00000008   Data   RW         1381    .data               ae-lib-sim.lib(ae_tasks1_g37.o)
    0x100000b4        -       0x0000003c   Zero   RW           90    .bss                uart_irq.o
    0x100000f0        -       0x000001b8   Zero   RW          319    .bss                k_mem.o
    0x100002a8        -       0x000004d0   Zero   RW          522    .bss                k_task.o
    0x10000778        -       0x0000007e   Zero   RW          763    .bss                kcd_task.o
    0x100007f6        -       0x00000039   Zero   RW          854    .bss                wall_clock_task.o
    0x1000082f   0x00003dbc   0x00000001   PAD
    0x10000830        -       0x00000060   Zero   RW         1314    .bss                c_w.l(libspace.o)
    0x10000890        -       0x00000234   Zero   RW         1378    .bss                ae-lib-sim.lib(ae_tasks1_g37.o)
    0x10000ac4   0x00003dbc   0x00000004   PAD
    0x10000ac8        -       0x00000000   Zero   RW         1095    HEAP                startup_lpc17xx.o
    0x10000ac8        -       0x00000200   Zero   RW         1094    STACK               startup_lpc17xx.o


==============================================================================

Image component sizes


      Code (inc. data)   RO Data    RW Data    ZI Data      Debug   Object Name

       452         26          0          0          0       5348   btree.o
       104          8          0          0          0        969   cdisp_task.o
       300          0          0          0          0       3933   dlist.o
       304         24          0          0          0       6266   hal.o
      1606        166          0          0        440       7063   k_mem.o
      1506         86          0          0          0       6794   k_msg.o
       116          8          0          4          0       5490   k_rtx_init.o
      2414        238          0         24       1232      18578   k_task.o
      1054        102          0        100        126       6162   kcd_task.o
       174          0          0          0          0       2842   mailbox.o
       118          0          0          0          0       2168   math.o
         6          0          0          0          0        380   null_task.o
       722         26          0          8          0       6202   printf.o
        64         26        204          0        512        964   startup_lpc17xx.o
       320         16          0          0          0        557   system_lpc17xx.o
       396         38          0          4          0      33599   timer.o
       362         40          0          7         60      32563   uart_irq.o
       266         62          0          0          0      24161   uart_polling.o
       640        118          0          5         57       2675   wall_clock_task.o

    ----------------------------------------------------------------------
     10946        984        236        156       2428     166714   Object Totals
         0          0         32          0          0          0   (incl. Generated)
        22          0          0          4          1          0   (incl. Padding)

    ----------------------------------------------------------------------

      Code (inc. data)   RO Data    RW Data    ZI Data      Debug   Library Member Name

        96          0          0          0          0       4747   ae.o
       940        224        106          8        564       6774   ae_tasks1_g37.o
       742        390          0          0          0       5502   ae_util.o
       124         22          0         16          0       4879   main.o
         8          0          0          0          0         68   __main.o
         0          0          0          0          0          0   __rtentry.o
        12          0          0          0          0          0   __rtentry2.o
         6          0          0          0          0          0   __rtentry4.o
        52          8          0          0          0          0   __scatter.o
        26          0          0          0          0          0   __scatter_copy.o
        28          0          0          0          0          0   __scatter_zi.o
        18          0          0          0          0         80   exit.o
         6          0          0          0          0        152   heapauxi.o
         0          0          0          0          0          0   indicate_semi.o
         2          0          0          0          0          0   libinit.o
         2          0          0          0          0          0   libinit2.o
         2          0          0          0          0          0   libshutdown.o
         2          0          0          0          0          0   libshutdown2.o
         8          4          0          0         96         68   libspace.o
         2          0          0          0          0          0   rtexit.o
        10          0          0          0          0          0   rtexit2.o
        12          4          0          0          0         68   sys_exit.o
        74          0          0          0          0         80   sys_stackheap_outer.o
         2          0          0          0          0         68   use_no_semi.o
       826         16          0          0          0        348   daddsub_clz.o
       688        140          0          0          0        208   ddiv.o
        90          4          0          0          0         92   dfixu.o
        38          0          0          0          0         68   dflt_clz.o
       340         12          0          0          0        104   dmul.o
       156          4          0          0          0         92   dnaninf.o
        12          0          0          0          0         68   dretinf.o
         0          0          0          0          0          0   usenofp.o

    ----------------------------------------------------------------------
      4334        828        108         24        664      23466   Library Totals
        10          0          2          0          4          0   (incl. Padding)

    ----------------------------------------------------------------------

      Code (inc. data)   RO Data    RW Data    ZI Data      Debug   Library Name

      1902        636        106         24        564      21902   ae-lib-sim.lib
       272         16          0          0         96        584   c_w.l
      2150        176          0          0          0        980   fz_ws.l

    ----------------------------------------------------------------------
      4334        828        108         24        664      23466   Library Totals

    ----------------------------------------------------------------------

==============================================================================


      Code (inc. data)   RO Data    RW Data    ZI Data      Debug   

     15280       1812        344        180       3092     183364   Grand Totals
     15280       1812        344        180       3092     183364   ELF Image Totals
     15280       1812        344        180          0          0   ROM Totals

==============================================================================

    Total RO  Size (Code + RO Data)                15624 (  15.26kB)
    Total RW  Size (RW Data + ZI Data)              3272 (   3.20kB)
    Total ROM Size (Code + RO Data + RW Data)      15804 (  15.43kB)

==============================================================================

